../Core/Inc/STInterface.h:56:6:sti_Setup_UART	16	static
../Core/Inc/STInterface.h:63:15:fastSearch	40	static
../Core/Inc/STInterface.h:89:11:sti_syncSession	32	static
../Core/Inc/STInterface.h:98:11:sti_resolveCommand	16	static
../Core/Inc/STInterface.h:128:10:sti_used	4	static
../Core/Inc/STInterface.h:131:10:sti_available	8	static
../Core/Inc/STInterface.h:135:11:_sti_receiveACK	16	static
../Core/Inc/STInterface.h:146:12:_sti_receiveCommand	16	static
../Core/Inc/STInterface.h:157:8:_sti_receiveString	16	static
../Core/Inc/STInterface.h:175:11:_sti_sendCommand	24	static
../Core/Inc/STInterface.h:188:11:_sti_sendString_	24	static
../Core/Inc/STInterface.h:202:11:_sti_sendString	16	static
../Core/Inc/MotorDriver.h:31:6:setSpeedFloat	24	static
../Core/Inc/MotorDriver.h:61:6:setSpeedInt	24	static
../Core/Inc/MotorDriver.h:92:6:testDrivingTick	16	static
../Core/Inc/MotorDriver.h:106:6:testDriving2	8	static
../Core/Src/main.c:77:5:main	112	static
../Core/Src/main.c:136:6:SystemClock_Config	88	static
../Core/Src/main.c:182:13:MX_TIM3_Init	48	static
../Core/Src/main.c:231:13:MX_USART1_UART_Init	8	static
../Core/Src/main.c:264:13:MX_USART2_UART_Init	8	static
../Core/Src/main.c:295:13:MX_DMA_Init	16	static
../Core/Src/main.c:313:13:MX_GPIO_Init	48	static
../Core/Src/main.c:393:6:Error_Handler	4	static,ignoring_inline_asm
