Component: ARM Compiler 5.06 update 7 (build 960) Tool: armlink [4d3601]

==============================================================================

Section Cross References

    startup_stm32f407xx.o(STACK) refers (Special) to heapauxi.o(.text) for __use_two_region_memory
    startup_stm32f407xx.o(HEAP) refers (Special) to heapauxi.o(.text) for __use_two_region_memory
    startup_stm32f407xx.o(RESET) refers (Special) to heapauxi.o(.text) for __use_two_region_memory
    startup_stm32f407xx.o(RESET) refers to startup_stm32f407xx.o(STACK) for __initial_sp
    startup_stm32f407xx.o(RESET) refers to startup_stm32f407xx.o(.text) for Reset_Handler
    startup_stm32f407xx.o(RESET) refers to stm32f4xx_it.o(i.NMI_Handler) for NMI_Handler
    startup_stm32f407xx.o(RESET) refers to stm32f4xx_it.o(i.HardFault_Handler) for HardFault_Handler
    startup_stm32f407xx.o(RESET) refers to stm32f4xx_it.o(i.MemManage_Handler) for MemManage_Handler
    startup_stm32f407xx.o(RESET) refers to stm32f4xx_it.o(i.BusFault_Handler) for BusFault_Handler
    startup_stm32f407xx.o(RESET) refers to stm32f4xx_it.o(i.UsageFault_Handler) for UsageFault_Handler
    startup_stm32f407xx.o(RESET) refers to stm32f4xx_it.o(i.SVC_Handler) for SVC_Handler
    startup_stm32f407xx.o(RESET) refers to stm32f4xx_it.o(i.DebugMon_Handler) for DebugMon_Handler
    startup_stm32f407xx.o(RESET) refers to stm32f4xx_it.o(i.PendSV_Handler) for PendSV_Handler
    startup_stm32f407xx.o(RESET) refers to stm32f4xx_it.o(i.SysTick_Handler) for SysTick_Handler
    startup_stm32f407xx.o(RESET) refers to stm32f4xx_it.o(i.DMA1_Stream5_IRQHandler) for DMA1_Stream5_IRQHandler
    startup_stm32f407xx.o(RESET) refers to stm32f4xx_it.o(i.USART2_IRQHandler) for USART2_IRQHandler
    startup_stm32f407xx.o(RESET) refers to stm32f4xx_it.o(i.OTG_FS_IRQHandler) for OTG_FS_IRQHandler
    startup_stm32f407xx.o(.text) refers (Special) to heapauxi.o(.text) for __use_two_region_memory
    startup_stm32f407xx.o(.text) refers to system_stm32f4xx.o(i.SystemInit) for SystemInit
    startup_stm32f407xx.o(.text) refers to __main.o(!!!main) for __main
    startup_stm32f407xx.o(.text) refers to startup_stm32f407xx.o(HEAP) for Heap_Mem
    startup_stm32f407xx.o(.text) refers to startup_stm32f407xx.o(STACK) for Stack_Mem
    main.o(i.MX_GPIO_Init) refers to rt_memclr_w.o(.text) for __aeabi_memclr4
    main.o(i.MX_GPIO_Init) refers to stm32f4xx_hal_gpio.o(i.HAL_GPIO_WritePin) for HAL_GPIO_WritePin
    main.o(i.MX_GPIO_Init) refers to stm32f4xx_hal_gpio.o(i.HAL_GPIO_Init) for HAL_GPIO_Init
    main.o(i.MX_TIM3_Init) refers to rt_memclr_w.o(.text) for __aeabi_memclr4
    main.o(i.MX_TIM3_Init) refers to stm32f4xx_hal_tim.o(i.HAL_TIM_PWM_Init) for HAL_TIM_PWM_Init
    main.o(i.MX_TIM3_Init) refers to stm32f4xx_hal_tim_ex.o(i.HAL_TIMEx_MasterConfigSynchronization) for HAL_TIMEx_MasterConfigSynchronization
    main.o(i.MX_TIM3_Init) refers to stm32f4xx_hal_tim.o(i.HAL_TIM_PWM_ConfigChannel) for HAL_TIM_PWM_ConfigChannel
    main.o(i.MX_TIM3_Init) refers to stm32f4xx_hal_msp.o(i.HAL_TIM_MspPostInit) for HAL_TIM_MspPostInit
    main.o(i.MX_TIM3_Init) refers to main.o(.bss) for .bss
    main.o(i.SystemClock_Config) refers to rt_memclr_w.o(.text) for __aeabi_memclr4
    main.o(i.SystemClock_Config) refers to stm32f4xx_hal_rcc.o(i.HAL_RCC_OscConfig) for HAL_RCC_OscConfig
    main.o(i.SystemClock_Config) refers to stm32f4xx_hal_rcc.o(i.HAL_RCC_ClockConfig) for HAL_RCC_ClockConfig
    main.o(i._sti_receiveACK) refers to stm32f4xx_hal_gpio.o(i.HAL_GPIO_WritePin) for HAL_GPIO_WritePin
    main.o(i._sti_receiveACK) refers to stm32f4xx_hal_uart.o(i.HAL_UART_Receive) for HAL_UART_Receive
    main.o(i._sti_receiveACK) refers to main.o(.data) for .data
    main.o(i._sti_receiveCommand) refers to stm32f4xx_hal_gpio.o(i.HAL_GPIO_WritePin) for HAL_GPIO_WritePin
    main.o(i._sti_receiveCommand) refers to stm32f4xx_hal_uart.o(i.HAL_UART_Receive) for HAL_UART_Receive
    main.o(i._sti_receiveCommand) refers to main.o(.data) for .data
    main.o(i._sti_receiveString) refers to stm32f4xx_hal_gpio.o(i.HAL_GPIO_WritePin) for HAL_GPIO_WritePin
    main.o(i._sti_receiveString) refers to stm32f4xx_hal_uart.o(i.HAL_UART_Receive) for HAL_UART_Receive
    main.o(i._sti_receiveString) refers to main.o(.data) for .data
    main.o(i._sti_receiveString) refers to main.o(.bss) for .bss
    main.o(i._sti_sendCommand) refers to stm32f4xx_hal_gpio.o(i.HAL_GPIO_WritePin) for HAL_GPIO_WritePin
    main.o(i._sti_sendCommand) refers to stm32f4xx_hal_uart.o(i.HAL_UART_Transmit) for HAL_UART_Transmit
    main.o(i._sti_sendCommand) refers to main.o(.data) for .data
    main.o(i._sti_sendString) refers to strlen.o(.text) for strlen
    main.o(i._sti_sendString) refers to main.o(i._sti_sendString_) for _sti_sendString_
    main.o(i._sti_sendString_) refers to stm32f4xx_hal_gpio.o(i.HAL_GPIO_WritePin) for HAL_GPIO_WritePin
    main.o(i._sti_sendString_) refers to stm32f4xx_hal_uart.o(i.HAL_UART_Transmit) for HAL_UART_Transmit
[...]
    i.USBD_LL_Suspend                        0x08003b08   Section        0  usbd_core.o(i.USBD_LL_Suspend)
    i.USBD_LL_Transmit                       0x08003b1a   Section        0  usbd_conf.o(i.USBD_LL_Transmit)
    i.USBD_ParseSetupRequest                 0x08003b2c   Section        0  usbd_ctlreq.o(i.USBD_ParseSetupRequest)
    i.USBD_RegisterClass                     0x08003b58   Section        0  usbd_core.o(i.USBD_RegisterClass)
    i.USBD_SetClassConfig                    0x08003b92   Section        0  usbd_core.o(i.USBD_SetClassConfig)
    i.USBD_SetConfig                         0x08003ba8   Section        0  usbd_ctlreq.o(i.USBD_SetConfig)
    USBD_SetConfig                           0x08003ba9   Thumb Code   180  usbd_ctlreq.o(i.USBD_SetConfig)
    i.USBD_Start                             0x08003c60   Section        0  usbd_core.o(i.USBD_Start)
    i.USBD_StdDevReq                         0x08003c64   Section        0  usbd_ctlreq.o(i.USBD_StdDevReq)
    i.USBD_StdEPReq                          0x08003d90   Section        0  usbd_ctlreq.o(i.USBD_StdEPReq)
    i.USBD_StdItfReq                         0x08003ef0   Section        0  usbd_ctlreq.o(i.USBD_StdItfReq)
    i.USBD_static_free                       0x08003f62   Section        0  usbd_conf.o(i.USBD_static_free)
    i.USBD_static_malloc                     0x08003f64   Section        0  usbd_conf.o(i.USBD_static_malloc)
    i.USB_ActivateEndpoint                   0x08003f6c   Section        0  stm32f4xx_ll_usb.o(i.USB_ActivateEndpoint)
    i.USB_ActivateSetup                      0x08003fec   Section        0  stm32f4xx_ll_usb.o(i.USB_ActivateSetup)
    i.USB_CoreInit                           0x08004008   Section        0  stm32f4xx_ll_usb.o(i.USB_CoreInit)
    i.USB_CoreReset                          0x0800407c   Section        0  stm32f4xx_ll_usb.o(i.USB_CoreReset)
    USB_CoreReset                            0x0800407d   Thumb Code    58  stm32f4xx_ll_usb.o(i.USB_CoreReset)
    i.USB_DeactivateEndpoint                 0x080040bc   Section        0  stm32f4xx_ll_usb.o(i.USB_DeactivateEndpoint)
    i.USB_DevConnect                         0x08004188   Section        0  stm32f4xx_ll_usb.o(i.USB_DevConnect)
    i.USB_DevDisconnect                      0x080041a4   Section        0  stm32f4xx_ll_usb.o(i.USB_DevDisconnect)
    i.USB_DevInit                            0x080041c0   Section        0  stm32f4xx_ll_usb.o(i.USB_DevInit)
    i.USB_DisableGlobalInt                   0x08004334   Section        0  stm32f4xx_ll_usb.o(i.USB_DisableGlobalInt)
    i.USB_EP0StartXfer                       0x08004340   Section        0  stm32f4xx_ll_usb.o(i.USB_EP0StartXfer)
    i.USB_EP0_OutStart                       0x0800445c   Section        0  stm32f4xx_ll_usb.o(i.USB_EP0_OutStart)
    i.USB_EPClearStall                       0x080044b4   Section        0  stm32f4xx_ll_usb.o(i.USB_EPClearStall)
    i.USB_EPSetStall                         0x0800450c   Section        0  stm32f4xx_ll_usb.o(i.USB_EPSetStall)
    i.USB_EPStartXfer                        0x08004564   Section        0  stm32f4xx_ll_usb.o(i.USB_EPStartXfer)
    i.USB_EPStopXfer                         0x08004748   Section        0  stm32f4xx_ll_usb.o(i.USB_EPStopXfer)
    i.USB_EnableGlobalInt                    0x080047e6   Section        0  stm32f4xx_ll_usb.o(i.USB_EnableGlobalInt)
    i.USB_FlushRxFifo                        0x080047f4   Section        0  stm32f4xx_ll_usb.o(i.USB_FlushRxFifo)
    i.USB_FlushTxFifo                        0x08004830   Section        0  stm32f4xx_ll_usb.o(i.USB_FlushTxFifo)
    i.USB_GetDevSpeed                        0x08004870   Section        0  stm32f4xx_ll_usb.o(i.USB_GetDevSpeed)
    i.USB_GetMode                            0x0800488a   Section        0  stm32f4xx_ll_usb.o(i.USB_GetMode)
    i.USB_ReadDevAllInEpInterrupt            0x08004892   Section        0  stm32f4xx_ll_usb.o(i.USB_ReadDevAllInEpInterrupt)
    i.USB_ReadDevAllOutEpInterrupt           0x080048a0   Section        0  stm32f4xx_ll_usb.o(i.USB_ReadDevAllOutEpInterrupt)
    i.USB_ReadDevInEPInterrupt               0x080048ae   Section        0  stm32f4xx_ll_usb.o(i.USB_ReadDevInEPInterrupt)
    i.USB_ReadDevOutEPInterrupt              0x080048d2   Section        0  stm32f4xx_ll_usb.o(i.USB_ReadDevOutEPInterrupt)
    i.USB_ReadInterrupts                     0x080048e2   Section        0  stm32f4xx_ll_usb.o(i.USB_ReadInterrupts)
    i.USB_ReadPacket                         0x080048ea   Section        0  stm32f4xx_ll_usb.o(i.USB_ReadPacket)
    i.USB_SetCurrentMode                     0x08004928   Section        0  stm32f4xx_ll_usb.o(i.USB_SetCurrentMode)
    i.USB_SetDevAddress                      0x08004984   Section        0  stm32f4xx_ll_usb.o(i.USB_SetDevAddress)
    i.USB_SetTurnaroundTime                  0x080049a8   Section        0  stm32f4xx_ll_usb.o(i.USB_SetTurnaroundTime)
    i.USB_WritePacket                        0x08004a90   Section        0  stm32f4xx_ll_usb.o(i.USB_WritePacket)
    i.UsageFault_Handler                     0x08004ab8   Section        0  stm32f4xx_it.o(i.UsageFault_Handler)
    i.__NVIC_SetPriority                     0x08004aba   Section        0  stm32f4xx_hal_cortex.o(i.__NVIC_SetPriority)
    __NVIC_SetPriority                       0x08004abb   Thumb Code    32  stm32f4xx_hal_cortex.o(i.__NVIC_SetPriority)
    i._sti_sendString_                       0x08004adc   Section        0  main.o(i._sti_sendString_)
    i.fastSearch                             0x08004b54   Section        0  main.o(i.fastSearch)
    i.main                                   0x08004bc4   Section        0  main.o(i.main)
    i.sti_Setup_UART                         0x08004c90   Section        0  main.o(i.sti_Setup_UART)
    i.sti_available                          0x08004cc0   Section        0  main.o(i.sti_available)
    i.sti_resolveCommand                     0x08004cd4   Section        0  main.o(i.sti_resolveCommand)
    i.sti_syncSession                        0x08004d30   Section        0  main.o(i.sti_syncSession)
    i.sti_used                               0x08004da0   Section        0  main.o(i.sti_used)
    i.stringCallback                         0x08004db0   Section        0  main.o(i.stringCallback)
    x$fpl$fpinit                             0x08004db4   Section       10  fpinit.o(x$fpl$fpinit)
    $v0                                      0x08004db4   Number         0  fpinit.o(x$fpl$fpinit)
    .constdata                               0x08004dbe   Section        8  stm32f4xx_hal_dma.o(.constdata)
    flagBitshiftOffset                       0x08004dbe   Data           8  stm32f4xx_hal_dma.o(.constdata)
    .constdata                               0x08004dc6   Section       16  system_stm32f4xx.o(.constdata)
    .constdata                               0x08004dd6   Section        8  system_stm32f4xx.o(.constdata)
    .data                                    0x20000000   Section       40  main.o(.data)
    .data                                    0x20000028   Section       28  usbd_desc.o(.data)
    .data                                    0x20000044   Section       50  usbd_desc.o(.data)
    .data                                    0x20000078   Section       20  usbd_cdc_if.o(.data)
    .data                                    0x2000008c   Section       12  stm32f4xx_hal.o(.data)
    .data                                    0x20000098   Section        4  system_stm32f4xx.o(.data)
    .data                                    0x2000009c   Section        1  usbd_ctlreq.o(.data)
    cfgidx                                   0x2000009c   Data           1  usbd_ctlreq.o(.data)
    .data                                    0x200000a0   Section       83  usbd_cdc.o(.data)
    CDCInEpAdd                               0x200000a0   Data           1  usbd_cdc.o(.data)
    CDCOutEpAdd                              0x200000a1   Data           1  usbd_cdc.o(.data)
    CDCCmdEpAdd                              0x200000a2   Data           1  usbd_cdc.o(.data)
    USBD_CDC_DeviceQualifierDesc             0x200000a4   Data          10  usbd_cdc.o(.data)
    USBD_CDC_CfgDesc                         0x200000b0   Data          67  usbd_cdc.o(.data)
    .data                                    0x200000f4   Section       56  usbd_cdc.o(.data)
    .bss                                     0x2000012c   Section     4400  main.o(.bss)
    .bss                                     0x2000125c   Section      732  usb_device.o(.bss)
    .bss                                     0x20001538   Section      512  usbd_desc.o(.bss)
    .bss                                     0x20001738   Section     4096  usbd_cdc_if.o(.bss)
    .bss                                     0x20002738   Section     1836  usbd_conf.o(.bss)
    mem                                      0x20002738   Data         544  usbd_conf.o(.bss)
    .bss                                     0x20002e64   Section       96  libspace.o(.bss)
    HEAP                                     0x20002ec8   Section      512  startup_stm32f407xx.o(HEAP)
    Heap_Mem                                 0x20002ec8   Data         512  startup_stm32f407xx.o(HEAP)
    STACK                                    0x200030c8   Section     1024  startup_stm32f407xx.o(STACK)
    Stack_Mem                                0x200030c8   Data        1024  startup_stm32f407xx.o(STACK)
    __initial_sp                             0x200034c8   Data           0  startup_stm32f407xx.o(STACK)

    Global Symbols

    Symbol Name                              Value     Ov Type        Size  Object(Section)

    BuildAttributes$$THM_ISAv4$E$P$D$K$B$S$7EM$VFPi3$EXTD16$VFPS$VFMA$PE$A:L22UL41UL21$X:L11$S22US41US21$IEEE1$IW$USESV6$~STKCKD$USESV7$~SHL$OSPACE$ROPI$EBA8$UX$STANDARDLIB$REQ8$PRES8$EABIv2 0x00000000   Number         0  anon$$obj.o ABSOLUTE
    __ARM_use_no_argv                        0x00000000   Number         0  main.o ABSOLUTE
    __ARM_exceptions_init                     - Undefined Weak Reference
    __alloca_initialize                       - Undefined Weak Reference
    __arm_fini_                               - Undefined Weak Reference
    __arm_preinit_                            - Undefined Weak Reference
    __cpp_initialize__aeabi_                  - Undefined Weak Reference
    __cxa_finalize                            - Undefined Weak Reference
    __rt_locale                               - Undefined Weak Reference
    __sigvec_lookup                           - Undefined Weak Reference
    _atexit_init                              - Undefined Weak Reference
    _call_atexit_fns                          - Undefined Weak Reference
    _clock_init                               - Undefined Weak Reference
    _fp_trap_init                             - Undefined Weak Reference
    _fp_trap_shutdown                         - Undefined Weak Reference
    _get_lc_collate                           - Undefined Weak Reference
    _get_lc_ctype                             - Undefined Weak Reference
    _get_lc_monetary                          - Undefined Weak Reference
    _get_lc_numeric                           - Undefined Weak Reference
    _get_lc_time                              - Undefined Weak Reference
    _getenv_init                              - Undefined Weak Reference
    _handle_redirection                       - Undefined Weak Reference
    _init_alloc                               - Undefined Weak Reference
    _init_user_alloc                          - Undefined Weak Reference
    _initio                                   - Undefined Weak Reference
    _rand_init                                - Undefined Weak Reference
    _signal_finish                            - Undefined Weak Reference
    _signal_init                              - Undefined Weak Reference
    _terminate_alloc                          - Undefined Weak Reference
    _terminate_user_alloc                     - Undefined Weak Reference
    _terminateio                              - Undefined Weak Reference
    __Vectors_Size                           0x00000188   Number         0  startup_stm32f407xx.o ABSOLUTE
    __Vectors                                0x08000000   Data           4  startup_stm32f407xx.o(RESET)
    __Vectors_End                            0x08000188   Data           0  startup_stm32f407xx.o(RESET)
    __main                                   0x08000189   Thumb Code     8  __main.o(!!!main)
    __scatterload                            0x08000191   Thumb Code     0  __scatter.o(!!!scatter)
    __scatterload_rt2                        0x08000191   Thumb Code    44  __scatter.o(!!!scatter)
    __scatterload_rt2_thumb_only             0x08000191   Thumb Code     0  __scatter.o(!!!scatter)
    __scatterload_null                       0x0800019f   Thumb Code     0  __scatter.o(!!!scatter)
    __decompress                             0x080001c5   Thumb Code    90  __dczerorl2.o(!!dczerorl2)
    __decompress1                            0x080001c5   Thumb Code     0  __dczerorl2.o(!!dczerorl2)
    __scatterload_zeroinit                   0x08000221   Thumb Code    28  __scatter_zi.o(!!handler_zi)
    __rt_lib_init                            0x0800023d   Thumb Code     0  libinit.o(.ARM.Collect$$libinit$$00000000)
    __rt_lib_init_fp_1                       0x0800023f   Thumb Code     0  libinit2.o(.ARM.Collect$$libinit$$00000001)
    __rt_lib_init_alloca_1                   0x08000243   Thumb Code     0  libinit2.o(.ARM.Collect$$libinit$$0000002E)
    __rt_lib_init_argv_1                     0x08000243   Thumb Code     0  libinit2.o(.ARM.Collect$$libinit$$0000002C)
    __rt_lib_init_atexit_1                   0x08000243   Thumb Code     0  libinit2.o(.ARM.Collect$$libinit$$0000001B)
    __rt_lib_init_clock_1                    0x08000243   Thumb Code     0  libinit2.o(.ARM.Collect$$libinit$$00000021)
    __rt_lib_init_cpp_1                      0x08000243   Thumb Code     0  libinit2.o(.ARM.Collect$$libinit$$00000032)
    __rt_lib_init_exceptions_1               0x08000243   Thumb Code     0  libinit2.o(.ARM.Collect$$libinit$$00000030)
    __rt_lib_init_fp_trap_1                  0x08000243   Thumb Code     0  libinit2.o(.ARM.Collect$$libinit$$0000001F)
    __rt_lib_init_getenv_1                   0x08000243   Thumb Code     0  libinit2.o(.ARM.Collect$$libinit$$00000023)
    __rt_lib_init_heap_1                     0x08000243   Thumb Code     0  libinit2.o(.ARM.Collect$$libinit$$0000000A)
    __rt_lib_init_lc_collate_1               0x08000243   Thumb Code     0  libinit2.o(.ARM.Collect$$libinit$$00000011)
    __rt_lib_init_lc_ctype_1                 0x08000243   Thumb Code     0  libinit2.o(.ARM.Collect$$libinit$$00000013)
    __rt_lib_init_lc_monetary_1              0x08000243   Thumb Code     0  libinit2.o(.ARM.Collect$$libinit$$00000015)
    __rt_lib_init_lc_numeric_1               0x08000243   Thumb Code     0  libinit2.o(.ARM.Collect$$libinit$$00000017)
    __rt_lib_init_lc_time_1                  0x08000243   Thumb Code     0  libinit2.o(.ARM.Collect$$libinit$$00000019)
    __rt_lib_init_preinit_1                  0x08000243   Thumb Code     0  libinit2.o(.ARM.Collect$$libinit$$00000004)
    __rt_lib_init_rand_1                     0x08000243   Thumb Code     0  libinit2.o(.ARM.Collect$$libinit$$0000000E)
    __rt_lib_init_return                     0x08000243   Thumb Code     0  libinit2.o(.ARM.Collect$$libinit$$00000033)
    __rt_lib_init_signal_1                   0x08000243   Thumb Code     0  libinit2.o(.ARM.Collect$$libinit$$0000001D)
    __rt_lib_init_stdio_1                    0x08000243   Thumb Code     0  libinit2.o(.ARM.Collect$$libinit$$00000025)
    __rt_lib_init_user_alloc_1               0x08000243   Thumb Code     0  libinit2.o(.ARM.Collect$$libinit$$0000000C)
    __rt_lib_shutdown                        0x08000245   Thumb Code     0  libshutdown.o(.ARM.Collect$$libshutdown$$00000000)
    __rt_lib_shutdown_cpp_1                  0x08000247   Thumb Code     0  libshutdown2.o(.ARM.Collect$$libshutdown$$00000004)
    __rt_lib_shutdown_fini_1                 0x08000247   Thumb Code     0  libshutdown2.o(.ARM.Collect$$libshutdown$$00000002)
    __rt_lib_shutdown_fp_trap_1              0x08000247   Thumb Code     0  libshutdown2.o(.ARM.Collect$$libshutdown$$00000009)
    __rt_lib_shutdown_heap_1                 0x08000247   Thumb Code     0  libshutdown2.o(.ARM.Collect$$libshutdown$$00000011)
    __rt_lib_shutdown_return                 0x08000247   Thumb Code     0  libshutdown2.o(.ARM.Collect$$libshutdown$$00000012)
    __rt_lib_shutdown_signal_1               0x08000247   Thumb Code     0  libshutdown2.o(.ARM.Collect$$libshutdown$$0000000C)
    __rt_lib_shutdown_stdio_1                0x08000247   Thumb Code     0  libshutdown2.o(.ARM.Collect$$libshutdown$$00000006)
    __rt_lib_shutdown_user_alloc_1           0x08000247   Thumb Code     0  libshutdown2.o(.ARM.Collect$$libshutdown$$0000000E)
    __rt_entry                               0x08000249   Thumb Code     0  __rtentry.o(.ARM.Collect$$rtentry$$00000000)
    __rt_entry_presh_1                       0x08000249   Thumb Code     0  __rtentry2.o(.ARM.Collect$$rtentry$$00000002)
    __rt_entry_sh                            0x08000249   Thumb Code     0  __rtentry4.o(.ARM.Collect$$rtentry$$00000004)
    __rt_entry_li                            0x0800024f   Thumb Code     0  __rtentry2.o(.ARM.Collect$$rtentry$$0000000A)
    __rt_entry_postsh_1                      0x0800024f   Thumb Code     0  __rtentry2.o(.ARM.Collect$$rtentry$$00000009)
    __rt_entry_main                          0x08000253   Thumb Code     0  __rtentry2.o(.ARM.Collect$$rtentry$$0000000D)
    __rt_entry_postli_1                      0x08000253   Thumb Code     0  __rtentry2.o(.ARM.Collect$$rtentry$$0000000C)
    __rt_exit                                0x0800025b   Thumb Code     0  rtexit.o(.ARM.Collect$$rtexit$$00000000)
    __rt_exit_ls                             0x0800025d   Thumb Code     0  rtexit2.o(.ARM.Collect$$rtexit$$00000003)
    __rt_exit_prels_1                        0x0800025d   Thumb Code     0  rtexit2.o(.ARM.Collect$$rtexit$$00000002)
    __rt_exit_exit                           0x08000261   Thumb Code     0  rtexit2.o(.ARM.Collect$$rtexit$$00000004)
    Reset_Handler                            0x08000269   Thumb Code     8  startup_stm32f407xx.o(.text)
    ADC_IRQHandler                           0x08000283   Thumb Code     0  startup_stm32f407xx.o(.text)
    CAN1_RX0_IRQHandler                      0x08000283   Thumb Code     0  startup_stm32f407xx.o(.text)
    CAN1_RX1_IRQHandler                      0x08000283   Thumb Code     0  startup_stm32f407xx.o(.text)
    CAN1_SCE_IRQHandler                      0x08000283   Thumb Code     0  startup_stm32f407xx.o(.text)
    CAN1_TX_IRQHandler                       0x08000283   Thumb Code     0  startup_stm32f407xx.o(.text)
    CAN2_RX0_IRQHandler                      0x08000283   Thumb Code     0  startup_stm32f407xx.o(.text)
    CAN2_RX1_IRQHandler                      0x08000283   Thumb Code     0  startup_stm32f407xx.o(.text)
    CAN2_SCE_IRQHandler                      0x08000283   Thumb Code     0  startup_stm32f407xx.o(.text)
    CAN2_TX_IRQHandler                       0x08000283   Thumb Code     0  startup_stm32f407xx.o(.text)
    DCMI_IRQHandler                          0x08000283   Thumb Code     0  startup_stm32f407xx.o(.text)
    DMA1_Stream0_IRQHandler                  0x08000283   Thumb Code     0  startup_stm32f407xx.o(.text)
    DMA1_Stream1_IRQHandler                  0x08000283   Thumb Code     0  startup_stm32f407xx.o(.text)
    DMA1_Stream2_IRQHandler                  0x08000283   Thumb Code     0  startup_stm32f407xx.o(.text)
    DMA1_Stream3_IRQHandler                  0x08000283   Thumb Code     0  startup_stm32f407xx.o(.text)
    DMA1_Stream4_IRQHandler                  0x08000283   Thumb Code     0  startup_stm32f407xx.o(.text)
    DMA1_Stream6_IRQHandler                  0x08000283   Thumb Code     0  startup_stm32f407xx.o(.text)
    DMA1_Stream7_IRQHandler                  0x08000283   Thumb Code     0  startup_stm32f407xx.o(.text)
    DMA2_Stream0_IRQHandler                  0x08000283   Thumb Code     0  startup_stm32f407xx.o(.text)
    DMA2_Stream1_IRQHandler                  0x08000283   Thumb Code     0  startup_stm32f407xx.o(.text)
    DMA2_Stream2_IRQHandler                  0x08000283   Thumb Code     0  startup_stm32f407xx.o(.text)
    DMA2_Stream3_IRQHandler                  0x08000283   Thumb Code     0  startup_stm32f407xx.o(.text)
    DMA2_Stream4_IRQHandler                  0x08000283   Thumb Code     0  startup_stm32f407xx.o(.text)
    DMA2_Stream5_IRQHandler                  0x08000283   Thumb Code     0  startup_stm32f407xx.o(.text)
    DMA2_Stream6_IRQHandler                  0x08000283   Thumb Code     0  startup_stm32f407xx.o(.text)
    DMA2_Stream7_IRQHandler                  0x08000283   Thumb Code     0  startup_stm32f407xx.o(.text)
    ETH_IRQHandler                           0x08000283   Thumb Code     0  startup_stm32f407xx.o(.text)
    ETH_WKUP_IRQHandler                      0x08000283   Thumb Code     0  startup_stm32f407xx.o(.text)
    EXTI0_IRQHandler                         0x08000283   Thumb Code     0  startup_stm32f407xx.o(.text)
    EXTI15_10_IRQHandler                     0x08000283   Thumb Code     0  startup_stm32f407xx.o(.text)
    EXTI1_IRQHandler                         0x08000283   Thumb Code     0  startup_stm32f407xx.o(.text)
    EXTI2_IRQHandler                         0x08000283   Thumb Code     0  startup_stm32f407xx.o(.text)
    EXTI3_IRQHandler                         0x08000283   Thumb Code     0  startup_stm32f407xx.o(.text)
    EXTI4_IRQHandler                         0x08000283   Thumb Code     0  startup_stm32f407xx.o(.text)
    EXTI9_5_IRQHandler                       0x08000283   Thumb Code     0  startup_stm32f407xx.o(.text)
    FLASH_IRQHandler                         0x08000283   Thumb Code     0  startup_stm32f407xx.o(.text)
    FMC_IRQHandler                           0x08000283   Thumb Code     0  startup_stm32f407xx.o(.text)
    FPU_IRQHandler                           0x08000283   Thumb Code     0  startup_stm32f407xx.o(.text)
    HASH_RNG_IRQHandler                      0x08000283   Thumb Code     0  startup_stm32f407xx.o(.text)
    I2C1_ER_IRQHandler                       0x08000283   Thumb Code     0  startup_stm32f407xx.o(.text)
    I2C1_EV_IRQHandler                       0x08000283   Thumb Code     0  startup_stm32f407xx.o(.text)
    I2C2_ER_IRQHandler                       0x08000283   Thumb Code     0  startup_stm32f407xx.o(.text)
    I2C2_EV_IRQHandler                       0x08000283   Thumb Code     0  startup_stm32f407xx.o(.text)
    I2C3_ER_IRQHandler                       0x08000283   Thumb Code     0  startup_stm32f407xx.o(.text)
    I2C3_EV_IRQHandler                       0x08000283   Thumb Code     0  startup_stm32f407xx.o(.text)
    OTG_FS_WKUP_IRQHandler                   0x08000283   Thumb Code     0  startup_stm32f407xx.o(.text)
    OTG_HS_EP1_IN_IRQHandler                 0x08000283   Thumb Code     0  startup_stm32f407xx.o(.text)
    OTG_HS_EP1_OUT_IRQHandler                0x08000283   Thumb Code     0  startup_stm32f407xx.o(.text)
    OTG_HS_IRQHandler                        0x08000283   Thumb Code     0  startup_stm32f407xx.o(.text)
    OTG_HS_WKUP_IRQHandler                   0x08000283   Thumb Code     0  startup_stm32f407xx.o(.text)
    PVD_IRQHandler                           0x08000283   Thumb Code     0  startup_stm32f407xx.o(.text)
    RCC_IRQHandler                           0x08000283   Thumb Code     0  startup_stm32f407xx.o(.text)
    RTC_Alarm_IRQHandler                     0x08000283   Thumb Code     0  startup_stm32f407xx.o(.text)
    RTC_WKUP_IRQHandler                      0x08000283   Thumb Code     0  startup_stm32f407xx.o(.text)
    SDIO_IRQHandler                          0x08000283   Thumb Code     0  startup_stm32f407xx.o(.text)
    SPI1_IRQHandler                          0x08000283   Thumb Code     0  startup_stm32f407xx.o(.text)
    SPI2_IRQHandler                          0x08000283   Thumb Code     0  startup_stm32f407xx.o(.text)
    SPI3_IRQHandler                          0x08000283   Thumb Code     0  startup_stm32f407xx.o(.text)
    TAMP_STAMP_IRQHandler                    0x08000283   Thumb Code     0  startup_stm32f407xx.o(.text)
    TIM1_BRK_TIM9_IRQHandler                 0x08000283   Thumb Code     0  startup_stm32f407xx.o(.text)
    TIM1_CC_IRQHandler                       0x08000283   Thumb Code     0  startup_stm32f407xx.o(.text)
    TIM1_TRG_COM_TIM11_IRQHandler            0x08000283   Thumb Code     0  startup_stm32f407xx.o(.text)
    TIM1_UP_TIM10_IRQHandler                 0x08000283   Thumb Code     0  startup_stm32f407xx.o(.text)
    TIM2_IRQHandler                          0x08000283   Thumb Code     0  startup_stm32f407xx.o(.text)
    TIM3_IRQHandler                          0x08000283   Thumb Code     0  startup_stm32f407xx.o(.text)
    TIM4_IRQHandler                          0x08000283   Thumb Code     0  startup_stm32f407xx.o(.text)
    TIM5_IRQHandler                          0x08000283   Thumb Code     0  startup_stm32f407xx.o(.text)
    TIM6_DAC_IRQHandler                      0x08000283   Thumb Code     0  startup_stm32f407xx.o(.text)
    TIM7_IRQHandler                          0x08000283   Thumb Code     0  startup_stm32f407xx.o(.text)
    TIM8_BRK_TIM12_IRQHandler                0x08000283   Thumb Code     0  startup_stm32f407xx.o(.text)
    TIM8_CC_IRQHandler                       0x08000283   Thumb Code     0  startup_stm32f407xx.o(.text)
    TIM8_TRG_COM_TIM14_IRQHandler            0x08000283   Thumb Code     0  startup_stm32f407xx.o(.text)
    TIM8_UP_TIM13_IRQHandler                 0x08000283   Thumb Code     0  startup_stm32f407xx.o(.text)
    UART4_IRQHandler                         0x08000283   Thumb Code     0  startup_stm32f407xx.o(.text)
    UART5_IRQHandler                         0x08000283   Thumb Code     0  startup_stm32f407xx.o(.text)
    USART1_IRQHandler                        0x08000283   Thumb Code     0  startup_stm32f407xx.o(.text)
    USART3_IRQHandler                        0x08000283   Thumb Code     0  startup_stm32f407xx.o(.text)
    USART6_IRQHandler                        0x08000283   Thumb Code     0  startup_stm32f407xx.o(.text)
    WWDG_IRQHandler                          0x08000283   Thumb Code     0  startup_stm32f407xx.o(.text)
    __user_initial_stackheap                 0x08000285   Thumb Code     0  startup_stm32f407xx.o(.text)
    __aeabi_uldivmod                         0x080002a9   Thumb Code     0  lludivv7m.o(.text)
    _ll_udiv                                 0x080002a9   Thumb Code   238  lludivv7m.o(.text)
    __aeabi_memcpy4                          0x08000397   Thumb Code     0  rt_memcpy_w.o(.text)
    __aeabi_memcpy8                          0x08000397   Thumb Code     0  rt_memcpy_w.o(.text)
    __rt_memcpy_w                            0x08000397   Thumb Code   100  rt_memcpy_w.o(.text)
    _memcpy_lastbytes_aligned                0x080003df   Thumb Code     0  rt_memcpy_w.o(.text)
    __aeabi_memclr4                          0x080003fb   Thumb Code     0  rt_memclr_w.o(.text)
    __aeabi_memclr8                          0x080003fb   Thumb Code     0  rt_memclr_w.o(.text)
    __rt_memclr_w                            0x080003fb   Thumb Code    78  rt_memclr_w.o(.text)
    _memset_w                                0x080003ff   Thumb Code     0  rt_memclr_w.o(.text)
    __use_two_region_memory                  0x08000449   Thumb Code     2  heapauxi.o(.text)
    __rt_heap_escrow$2region                 0x0800044b   Thumb Code     2  heapauxi.o(.text)
    __rt_heap_expand$2region                 0x0800044d   Thumb Code     2  heapauxi.o(.text)
    __user_setup_stackheap                   0x0800044f   Thumb Code    74  sys_stackheap_outer.o(.text)
    exit                                     0x08000499   Thumb Code    18  exit.o(.text)
    __user_libspace                          0x080004ad   Thumb Code     8  libspace.o(.text)
    __user_perproc_libspace                  0x080004ad   Thumb Code     0  libspace.o(.text)
    __user_perthread_libspace                0x080004ad   Thumb Code     0  libspace.o(.text)
    _sys_exit                                0x080004b5   Thumb Code     8  sys_exit.o(.text)
    __I$use$semihosting                      0x080004c1   Thumb Code     0  use_no_semi.o(.text)
    __use_no_semihosting_swi                 0x080004c1   Thumb Code     2  use_no_semi.o(.text)
    BusFault_Handler                         0x080004c3   Thumb Code     2  stm32f4xx_it.o(i.BusFault_Handler)
    __semihosting_library_function           0x080004c3   Thumb Code     0  indicate_semi.o(.text)
    DMA1_Stream5_IRQHandler                  0x0800050d   Thumb Code     6  stm32f4xx_it.o(i.DMA1_Stream5_IRQHandler)
    DebugMon_Handler                         0x080005bd   Thumb Code     2  stm32f4xx_it.o(i.DebugMon_Handler)
    Error_Handler                            0x080005bf   Thumb Code     4  main.o(i.Error_Handler)
    HAL_DMA_Abort                            0x080005c3   Thumb Code   146  stm32f4xx_hal_dma.o(i.HAL_DMA_Abort)
    HAL_DMA_Abort_IT                         0x08000655   Thumb Code    36  stm32f4xx_hal_dma.o(i.HAL_DMA_Abort_IT)
    HAL_DMA_IRQHandler                       0x08000679   Thumb Code   412  stm32f4xx_hal_dma.o(i.HAL_DMA_IRQHandler)
    HAL_DMA_Init                             0x08000819   Thumb Code   206  stm32f4xx_hal_dma.o(i.HAL_DMA_Init)
    HAL_DMA_Start_IT                         0x080008ed   Thumb Code   110  stm32f4xx_hal_dma.o(i.HAL_DMA_Start_IT)
    HAL_Delay                                0x0800095d   Thumb Code    32  stm32f4xx_hal.o(i.HAL_Delay)
    HAL_GPIO_Init                            0x08000981   Thumb Code   450  stm32f4xx_hal_gpio.o(i.HAL_GPIO_Init)
    HAL_GPIO_WritePin                        0x08000b71   Thumb Code    10  stm32f4xx_hal_gpio.o(i.HAL_GPIO_WritePin)
    HAL_GetTick                              0x08000b7d   Thumb Code     6  stm32f4xx_hal.o(i.HAL_GetTick)
    HAL_IncTick                              0x08000b89   Thumb Code    12  stm32f4xx_hal.o(i.HAL_IncTick)
    HAL_Init                                 0x08000b99   Thumb Code    48  stm32f4xx_hal.o(i.HAL_Init)
    HAL_InitTick                             0x08000bcd   Thumb Code    54  stm32f4xx_hal.o(i.HAL_InitTick)
    HAL_MspInit                              0x08000c0d   Thumb Code    48  stm32f4xx_hal_msp.o(i.HAL_MspInit)
    HAL_NVIC_EnableIRQ                       0x08000c41   Thumb Code    26  stm32f4xx_hal_cortex.o(i.HAL_NVIC_EnableIRQ)
    HAL_NVIC_SetPriority                     0x08000c5d   Thumb Code    60  stm32f4xx_hal_cortex.o(i.HAL_NVIC_SetPriority)
    HAL_NVIC_SetPriorityGrouping             0x08000c9d   Thumb Code    26  stm32f4xx_hal_cortex.o(i.HAL_NVIC_SetPriorityGrouping)
    HAL_PCDEx_LPM_Callback                   0x08000cc1   Thumb Code     2  stm32f4xx_hal_pcd_ex.o(i.HAL_PCDEx_LPM_Callback)
    HAL_PCDEx_SetRxFiFo                      0x08000cc3   Thumb Code     8  stm32f4xx_hal_pcd_ex.o(i.HAL_PCDEx_SetRxFiFo)
    HAL_PCDEx_SetTxFiFo                      0x08000ccb   Thumb Code    68  stm32f4xx_hal_pcd_ex.o(i.HAL_PCDEx_SetTxFiFo)
    HAL_PCD_ConnectCallback                  0x08000d0f   Thumb Code     8  usbd_conf.o(i.HAL_PCD_ConnectCallback)
    HAL_PCD_DataInStageCallback              0x08000d17   Thumb Code    18  usbd_conf.o(i.HAL_PCD_DataInStageCallback)
    HAL_PCD_DataOutStageCallback             0x08000d29   Thumb Code    20  usbd_conf.o(i.HAL_PCD_DataOutStageCallback)
    HAL_PCD_DisconnectCallback               0x08000d3d   Thumb Code     8  usbd_conf.o(i.HAL_PCD_DisconnectCallback)
    HAL_PCD_EP_Abort                         0x08000d45   Thumb Code    30  stm32f4xx_hal_pcd.o(i.HAL_PCD_EP_Abort)
    HAL_PCD_EP_Close                         0x08000d63   Thumb Code    76  stm32f4xx_hal_pcd.o(i.HAL_PCD_EP_Close)
    HAL_PCD_EP_ClrStall                      0x08000daf   Thumb Code    92  stm32f4xx_hal_pcd.o(i.HAL_PCD_EP_ClrStall)
    HAL_PCD_EP_GetRxCount                    0x08000e0b   Thumb Code    18  stm32f4xx_hal_pcd.o(i.HAL_PCD_EP_GetRxCount)
    HAL_PCD_EP_Open                          0x08000e1d   Thumb Code    96  stm32f4xx_hal_pcd.o(i.HAL_PCD_EP_Open)
    HAL_PCD_EP_Receive                       0x08000e7d   Thumb Code    72  stm32f4xx_hal_pcd.o(i.HAL_PCD_EP_Receive)
    HAL_PCD_EP_SetStall                      0x08000ec5   Thumb Code   116  stm32f4xx_hal_pcd.o(i.HAL_PCD_EP_SetStall)
    HAL_PCD_EP_Transmit                      0x08000f39   Thumb Code    64  stm32f4xx_hal_pcd.o(i.HAL_PCD_EP_Transmit)
    HAL_PCD_IRQHandler                       0x08000f79   Thumb Code  1376  stm32f4xx_hal_pcd.o(i.HAL_PCD_IRQHandler)
    HAL_PCD_ISOINIncompleteCallback          0x080014d9   Thumb Code     8  usbd_conf.o(i.HAL_PCD_ISOINIncompleteCallback)
    HAL_PCD_ISOOUTIncompleteCallback         0x080014e1   Thumb Code     8  usbd_conf.o(i.HAL_PCD_ISOOUTIncompleteCallback)
    HAL_PCD_Init                             0x080014e9   Thumb Code   226  stm32f4xx_hal_pcd.o(i.HAL_PCD_Init)
    HAL_PCD_MspInit                          0x080015cd   Thumb Code   122  usbd_conf.o(i.HAL_PCD_MspInit)
    HAL_PCD_ResetCallback                    0x08001651   Thumb Code    44  usbd_conf.o(i.HAL_PCD_ResetCallback)
    HAL_PCD_ResumeCallback                   0x0800167d   Thumb Code     8  usbd_conf.o(i.HAL_PCD_ResumeCallback)
    HAL_PCD_SOFCallback                      0x08001685   Thumb Code     8  usbd_conf.o(i.HAL_PCD_SOFCallback)
    HAL_PCD_SetAddress                       0x0800168d   Thumb Code    40  stm32f4xx_hal_pcd.o(i.HAL_PCD_SetAddress)
    HAL_PCD_SetupStageCallback               0x080016b5   Thumb Code    14  usbd_conf.o(i.HAL_PCD_SetupStageCallback)
    HAL_PCD_Start                            0x080016c3   Thumb Code    66  stm32f4xx_hal_pcd.o(i.HAL_PCD_Start)
    HAL_PCD_SuspendCallback                  0x08001705   Thumb Code    44  usbd_conf.o(i.HAL_PCD_SuspendCallback)
    HAL_RCC_ClockConfig                      0x08001735   Thumb Code   288  stm32f4xx_hal_rcc.o(i.HAL_RCC_ClockConfig)
    HAL_RCC_GetHCLKFreq                      0x08001869   Thumb Code     6  stm32f4xx_hal_rcc.o(i.HAL_RCC_GetHCLKFreq)
    HAL_RCC_GetPCLK1Freq                     0x08001875   Thumb Code    20  stm32f4xx_hal_rcc.o(i.HAL_RCC_GetPCLK1Freq)
    HAL_RCC_GetPCLK2Freq                     0x08001895   Thumb Code    20  stm32f4xx_hal_rcc.o(i.HAL_RCC_GetPCLK2Freq)
    HAL_RCC_GetSysClockFreq                  0x080018b5   Thumb Code    88  stm32f4xx_hal_rcc.o(i.HAL_RCC_GetSysClockFreq)
    HAL_RCC_OscConfig                        0x08001915   Thumb Code   856  stm32f4xx_hal_rcc.o(i.HAL_RCC_OscConfig)
    HAL_SYSTICK_Config                       0x08001c81   Thumb Code    40  stm32f4xx_hal_cortex.o(i.HAL_SYSTICK_Config)
    HAL_TIMEx_MasterConfigSynchronization    0x08001ca9   Thumb Code   116  stm32f4xx_hal_tim_ex.o(i.HAL_TIMEx_MasterConfigSynchronization)
    HAL_TIM_MspPostInit                      0x08001d39   Thumb Code    68  stm32f4xx_hal_msp.o(i.HAL_TIM_MspPostInit)
    HAL_TIM_PWM_ConfigChannel                0x08001d89   Thumb Code   204  stm32f4xx_hal_tim.o(i.HAL_TIM_PWM_ConfigChannel)
    HAL_TIM_PWM_Init                         0x08001e55   Thumb Code    90  stm32f4xx_hal_tim.o(i.HAL_TIM_PWM_Init)
    HAL_TIM_PWM_MspInit                      0x08001eb1   Thumb Code    30  stm32f4xx_hal_msp.o(i.HAL_TIM_PWM_MspInit)
    HAL_TIM_PWM_Start                        0x08001ed9   Thumb Code   172  stm32f4xx_hal_tim.o(i.HAL_TIM_PWM_Start)
    HAL_UARTEx_RxEventCallback               0x08001fa1   Thumb Code     2  stm32f4xx_hal_uart.o(i.HAL_UARTEx_RxEventCallback)
    HAL_UART_ErrorCallback                   0x08001fa3   Thumb Code     2  stm32f4xx_hal_uart.o(i.HAL_UART_ErrorCallback)
    HAL_UART_IRQHandler                      0x08001fa5   Thumb Code   610  stm32f4xx_hal_uart.o(i.HAL_UART_IRQHandler)
    HAL_UART_Init                            0x0800220d   Thumb Code    98  stm32f4xx_hal_uart.o(i.HAL_UART_Init)
    HAL_UART_MspInit                         0x08002271   Thumb Code   226  stm32f4xx_hal_msp.o(i.HAL_UART_MspInit)
    HAL_UART_Receive_DMA                     0x0800236d   Thumb Code    42  stm32f4xx_hal_uart.o(i.HAL_UART_Receive_DMA)
    HAL_UART_RxCpltCallback                  0x08002397   Thumb Code     2  stm32f4xx_hal_uart.o(i.HAL_UART_RxCpltCallback)
    HAL_UART_RxHalfCpltCallback              0x08002399   Thumb Code     2  stm32f4xx_hal_uart.o(i.HAL_UART_RxHalfCpltCallback)
    HAL_UART_Transmit                        0x0800239d   Thumb Code   178  stm32f4xx_hal_uart.o(i.HAL_UART_Transmit)
    HAL_UART_TxCpltCallback                  0x0800244f   Thumb Code     2  stm32f4xx_hal_uart.o(i.HAL_UART_TxCpltCallback)
    HardFault_Handler                        0x08002451   Thumb Code     2  stm32f4xx_it.o(i.HardFault_Handler)
    MX_USB_DEVICE_Init                       0x0800261d   Thumb Code    66  usb_device.o(i.MX_USB_DEVICE_Init)
    MemManage_Handler                        0x08002671   Thumb Code     2  stm32f4xx_it.o(i.MemManage_Handler)
    NMI_Handler                              0x08002673   Thumb Code     2  stm32f4xx_it.o(i.NMI_Handler)
    OTG_FS_IRQHandler                        0x08002675   Thumb Code     6  stm32f4xx_it.o(i.OTG_FS_IRQHandler)
    PendSV_Handler                           0x080027ef   Thumb Code     2  stm32f4xx_it.o(i.PendSV_Handler)
    SVC_Handler                              0x080027f1   Thumb Code     2  stm32f4xx_it.o(i.SVC_Handler)
    SysTick_Handler                          0x080027fd   Thumb Code     4  stm32f4xx_it.o(i.SysTick_Handler)
    SystemClock_Config                       0x08002801   Thumb Code   142  main.o(i.SystemClock_Config)
    SystemInit                               0x08002899   Thumb Code    12  system_stm32f4xx.o(i.SystemInit)
    TIM_Base_SetConfig                       0x080028a9   Thumb Code   156  stm32f4xx_hal_tim.o(i.TIM_Base_SetConfig)
    TIM_CCxChannelCmd                        0x08002971   Thumb Code    26  stm32f4xx_hal_tim.o(i.TIM_CCxChannelCmd)
    TIM_OC2_SetConfig                        0x080029ed   Thumb Code    98  stm32f4xx_hal_tim.o(i.TIM_OC2_SetConfig)
    UART_Start_Receive_DMA                   0x08002e3d   Thumb Code   134  stm32f4xx_hal_uart.o(i.UART_Start_Receive_DMA)
    USART2_IRQHandler                        0x08002f49   Thumb Code     6  stm32f4xx_it.o(i.USART2_IRQHandler)
    USBD_CDC_GetDeviceQualifierDescriptor    0x080030d1   Thumb Code     8  usbd_cdc.o(i.USBD_CDC_GetDeviceQualifierDescriptor)
    USBD_CDC_ReceivePacket                   0x080032ad   Thumb Code    50  usbd_cdc.o(i.USBD_CDC_ReceivePacket)
    USBD_CDC_RegisterInterface               0x080032e5   Thumb Code    22  usbd_cdc.o(i.USBD_CDC_RegisterInterface)
    USBD_CDC_SetRxBuffer                     0x080032fb   Thumb Code    26  usbd_cdc.o(i.USBD_CDC_SetRxBuffer)
    USBD_CDC_SetTxBuffer                     0x08003315   Thumb Code    30  usbd_cdc.o(i.USBD_CDC_SetTxBuffer)
    USBD_ClrClassConfig                      0x08003407   Thumb Code    20  usbd_core.o(i.USBD_ClrClassConfig)
    USBD_CoreFindEP                          0x0800341b   Thumb Code     4  usbd_core.o(i.USBD_CoreFindEP)
    USBD_CoreFindIF                          0x0800341f   Thumb Code     4  usbd_core.o(i.USBD_CoreFindIF)
    USBD_CtlContinueRx                       0x08003423   Thumb Code    16  usbd_ioreq.o(i.USBD_CtlContinueRx)
    USBD_CtlContinueSendData                 0x08003433   Thumb Code    16  usbd_ioreq.o(i.USBD_CtlContinueSendData)
    USBD_CtlError                            0x08003443   Thumb Code    22  usbd_ctlreq.o(i.USBD_CtlError)
    USBD_CtlPrepareRx                        0x08003459   Thumb Code    30  usbd_ioreq.o(i.USBD_CtlPrepareRx)
    USBD_CtlReceiveStatus                    0x08003477   Thumb Code    22  usbd_ioreq.o(i.USBD_CtlReceiveStatus)
    USBD_CtlSendData                         0x0800348d   Thumb Code    26  usbd_ioreq.o(i.USBD_CtlSendData)
    USBD_CtlSendStatus                       0x080034a7   Thumb Code    22  usbd_ioreq.o(i.USBD_CtlSendStatus)
    USBD_FS_ConfigStrDescriptor              0x080034bd   Thumb Code    16  usbd_desc.o(i.USBD_FS_ConfigStrDescriptor)
    USBD_FS_DeviceDescriptor                 0x080034dd   Thumb Code     8  usbd_desc.o(i.USBD_FS_DeviceDescriptor)
    USBD_FS_InterfaceStrDescriptor           0x080034e9   Thumb Code    16  usbd_desc.o(i.USBD_FS_InterfaceStrDescriptor)
    USBD_FS_LangIDStrDescriptor              0x0800350d   Thumb Code     8  usbd_desc.o(i.USBD_FS_LangIDStrDescriptor)
    USBD_FS_ManufacturerStrDescriptor        0x08003519   Thumb Code    16  usbd_desc.o(i.USBD_FS_ManufacturerStrDescriptor)
    USBD_FS_ProductStrDescriptor             0x08003541   Thumb Code    16  usbd_desc.o(i.USBD_FS_ProductStrDescriptor)
    USBD_FS_SerialStrDescriptor              0x08003569   Thumb Code    48  usbd_desc.o(i.USBD_FS_SerialStrDescriptor)
    USBD_GetEpDesc                           0x08003687   Thumb Code    58  usbd_core.o(i.USBD_GetEpDesc)
    USBD_GetNextDesc                         0x080036c1   Thumb Code    14  usbd_core.o(i.USBD_GetNextDesc)
    USBD_GetString                           0x080036cf   Thumb Code    72  usbd_ctlreq.o(i.USBD_GetString)
    USBD_Get_USB_Status                      0x08003717   Thumb Code    24  usbd_conf.o(i.USBD_Get_USB_Status)
    USBD_Init                                0x0800372f   Thumb Code    38  usbd_core.o(i.USBD_Init)
    USBD_LL_ClearStallEP                     0x08003755   Thumb Code    18  usbd_conf.o(i.USBD_LL_ClearStallEP)
    USBD_LL_CloseEP                          0x08003767   Thumb Code    18  usbd_conf.o(i.USBD_LL_CloseEP)
    USBD_LL_DataInStage                      0x08003779   Thumb Code   182  usbd_core.o(i.USBD_LL_DataInStage)
    USBD_LL_DataOutStage                     0x0800382f   Thumb Code   142  usbd_core.o(i.USBD_LL_DataOutStage)
    USBD_LL_DevConnected                     0x080038bd   Thumb Code     4  usbd_core.o(i.USBD_LL_DevConnected)
    USBD_LL_DevDisconnected                  0x080038c1   Thumb Code    30  usbd_core.o(i.USBD_LL_DevDisconnected)
    USBD_LL_GetRxDataSize                    0x080038df   Thumb Code     8  usbd_conf.o(i.USBD_LL_GetRxDataSize)
    USBD_LL_Init                             0x080038e9   Thumb Code    90  usbd_conf.o(i.USBD_LL_Init)
    USBD_LL_IsStallEP                        0x08003949   Thumb Code    32  usbd_conf.o(i.USBD_LL_IsStallEP)
    USBD_LL_IsoINIncomplete                  0x08003969   Thumb Code    40  usbd_core.o(i.USBD_LL_IsoINIncomplete)
    USBD_LL_IsoOUTIncomplete                 0x08003991   Thumb Code    40  usbd_core.o(i.USBD_LL_IsoOUTIncomplete)
    USBD_LL_OpenEP                           0x080039b9   Thumb Code    24  usbd_conf.o(i.USBD_LL_OpenEP)
    USBD_LL_PrepareReceive                   0x080039d1   Thumb Code    18  usbd_conf.o(i.USBD_LL_PrepareReceive)
    USBD_LL_Reset                            0x080039e3   Thumb Code    92  usbd_core.o(i.USBD_LL_Reset)
    USBD_LL_Resume                           0x08003a3f   Thumb Code    20  usbd_core.o(i.USBD_LL_Resume)
    USBD_LL_SOF                              0x08003a53   Thumb Code    26  usbd_core.o(i.USBD_LL_SOF)
    USBD_LL_SetSpeed                         0x08003a6d   Thumb Code     6  usbd_core.o(i.USBD_LL_SetSpeed)
    USBD_LL_SetUSBAddress                    0x08003a73   Thumb Code    18  usbd_conf.o(i.USBD_LL_SetUSBAddress)
    USBD_LL_SetupStage                       0x08003a85   Thumb Code    96  usbd_core.o(i.USBD_LL_SetupStage)
    USBD_LL_StallEP                          0x08003ae5   Thumb Code    18  usbd_conf.o(i.USBD_LL_StallEP)
    USBD_LL_Start                            0x08003af7   Thumb Code    18  usbd_conf.o(i.USBD_LL_Start)
    USBD_LL_Suspend                          0x08003b09   Thumb Code    18  usbd_core.o(i.USBD_LL_Suspend)
    USBD_LL_Transmit                         0x08003b1b   Thumb Code    18  usbd_conf.o(i.USBD_LL_Transmit)
    USBD_ParseSetupRequest                   0x08003b2d   Thumb Code    44  usbd_ctlreq.o(i.USBD_ParseSetupRequest)
    USBD_RegisterClass                       0x08003b59   Thumb Code    58  usbd_core.o(i.USBD_RegisterClass)
    USBD_SetClassConfig                      0x08003b93   Thumb Code    20  usbd_core.o(i.USBD_SetClassConfig)
    USBD_Start                               0x08003c61   Thumb Code     4  usbd_core.o(i.USBD_Start)
    USBD_StdDevReq                           0x08003c65   Thumb Code   300  usbd_ctlreq.o(i.USBD_StdDevReq)
    USBD_StdEPReq                            0x08003d91   Thumb Code   352  usbd_ctlreq.o(i.USBD_StdEPReq)
    USBD_StdItfReq                           0x08003ef1   Thumb Code   114  usbd_ctlreq.o(i.USBD_StdItfReq)
    USBD_static_free                         0x08003f63   Thumb Code     2  usbd_conf.o(i.USBD_static_free)
    USBD_static_malloc                       0x08003f65   Thumb Code     4  usbd_conf.o(i.USBD_static_malloc)
    USB_ActivateEndpoint                     0x08003f6d   Thumb Code   122  stm32f4xx_ll_usb.o(i.USB_ActivateEndpoint)
    USB_ActivateSetup                        0x08003fed   Thumb Code    28  stm32f4xx_ll_usb.o(i.USB_ActivateSetup)
    USB_CoreInit                             0x08004009   Thumb Code   112  stm32f4xx_ll_usb.o(i.USB_CoreInit)
    USB_DeactivateEndpoint                   0x080040bd   Thumb Code   194  stm32f4xx_ll_usb.o(i.USB_DeactivateEndpoint)
    USB_DevConnect                           0x08004189   Thumb Code    28  stm32f4xx_ll_usb.o(i.USB_DevConnect)
    USB_DevDisconnect                        0x080041a5   Thumb Code    28  stm32f4xx_ll_usb.o(i.USB_DevDisconnect)
    USB_DevInit                              0x080041c1   Thumb Code   362  stm32f4xx_ll_usb.o(i.USB_DevInit)
    USB_DisableGlobalInt                     0x08004335   Thumb Code    12  stm32f4xx_ll_usb.o(i.USB_DisableGlobalInt)
    USB_EP0StartXfer                         0x08004341   Thumb Code   280  stm32f4xx_ll_usb.o(i.USB_EP0StartXfer)
    USB_EP0_OutStart                         0x0800445d   Thumb Code    84  stm32f4xx_ll_usb.o(i.USB_EP0_OutStart)
    USB_EPClearStall                         0x080044b5   Thumb Code    88  stm32f4xx_ll_usb.o(i.USB_EPClearStall)
    USB_EPSetStall                           0x0800450d   Thumb Code    88  stm32f4xx_ll_usb.o(i.USB_EPSetStall)
    USB_EPStartXfer                          0x08004565   Thumb Code   480  stm32f4xx_ll_usb.o(i.USB_EPStartXfer)
    USB_EPStopXfer                           0x08004749   Thumb Code   158  stm32f4xx_ll_usb.o(i.USB_EPStopXfer)
    USB_EnableGlobalInt                      0x080047e7   Thumb Code    12  stm32f4xx_ll_usb.o(i.USB_EnableGlobalInt)
    USB_FlushRxFifo                          0x080047f5   Thumb Code    54  stm32f4xx_ll_usb.o(i.USB_FlushRxFifo)
    USB_FlushTxFifo                          0x08004831   Thumb Code    58  stm32f4xx_ll_usb.o(i.USB_FlushTxFifo)
    USB_GetDevSpeed                          0x08004871   Thumb Code    26  stm32f4xx_ll_usb.o(i.USB_GetDevSpeed)
    USB_GetMode                              0x0800488b   Thumb Code     8  stm32f4xx_ll_usb.o(i.USB_GetMode)
    USB_ReadDevAllInEpInterrupt              0x08004893   Thumb Code    14  stm32f4xx_ll_usb.o(i.USB_ReadDevAllInEpInterrupt)
    USB_ReadDevAllOutEpInterrupt             0x080048a1   Thumb Code    14  stm32f4xx_ll_usb.o(i.USB_ReadDevAllOutEpInterrupt)
    USB_ReadDevInEPInterrupt                 0x080048af   Thumb Code    36  stm32f4xx_ll_usb.o(i.USB_ReadDevInEPInterrupt)
    USB_ReadDevOutEPInterrupt                0x080048d3   Thumb Code    16  stm32f4xx_ll_usb.o(i.USB_ReadDevOutEPInterrupt)
    USB_ReadInterrupts                       0x080048e3   Thumb Code     8  stm32f4xx_ll_usb.o(i.USB_ReadInterrupts)
    USB_ReadPacket                           0x080048eb   Thumb Code    62  stm32f4xx_ll_usb.o(i.USB_ReadPacket)
    USB_SetCurrentMode                       0x08004929   Thumb Code    92  stm32f4xx_ll_usb.o(i.USB_SetCurrentMode)
    USB_SetDevAddress                        0x08004985   Thumb Code    34  stm32f4xx_ll_usb.o(i.USB_SetDevAddress)
    USB_SetTurnaroundTime                    0x080049a9   Thumb Code   158  stm32f4xx_ll_usb.o(i.USB_SetTurnaroundTime)
    USB_WritePacket                          0x08004a91   Thumb Code    40  stm32f4xx_ll_usb.o(i.USB_WritePacket)
    UsageFault_Handler                       0x08004ab9   Thumb Code     2  stm32f4xx_it.o(i.UsageFault_Handler)
    _sti_sendString_                         0x08004add   Thumb Code   110  main.o(i._sti_sendString_)
    fastSearch                               0x08004b55   Thumb Code   110  main.o(i.fastSearch)
    main                                     0x08004bc5   Thumb Code   176  main.o(i.main)
    sti_Setup_UART                           0x08004c91   Thumb Code    36  main.o(i.sti_Setup_UART)
    sti_available                            0x08004cc1   Thumb Code    14  main.o(i.sti_available)
    sti_resolveCommand                       0x08004cd5   Thumb Code    80  main.o(i.sti_resolveCommand)
    sti_syncSession                          0x08004d31   Thumb Code    94  main.o(i.sti_syncSession)
    sti_used                                 0x08004da1   Thumb Code    12  main.o(i.sti_used)
    stringCallback                           0x08004db1   Thumb Code     4  main.o(i.stringCallback)
    _fp_init                                 0x08004db5   Thumb Code    10  fpinit.o(x$fpl$fpinit)
    __fplib_config_fpu_vfp                   0x08004dbd   Thumb Code     0  fpinit.o(x$fpl$fpinit)
    __fplib_config_pureend_doubles           0x08004dbd   Thumb Code     0  fpinit.o(x$fpl$fpinit)
    AHBPrescTable                            0x08004dc6   Data          16  system_stm32f4xx.o(.constdata)
    APBPrescTable                            0x08004dd6   Data           8  system_stm32f4xx.o(.constdata)
    Region$$Table$$Base                      0x08004de0   Number         0  anon$$obj.o(Region$$Table)
    Region$$Table$$Limit                     0x08004e00   Number         0  anon$$obj.o(Region$$Table)
    STI_STATE                                0x20000000   Data           1  main.o(.data)
    isSync                                   0x20000001   Data           1  main.o(.data)
    lastCommand                              0x20000002   Data           2  main.o(.data)
    dcursor                                  0x20000004   Data           4  main.o(.data)
    CMD_STRING_CALLBACK                      0x20000008   Data           4  main.o(.data)
    phase0                                   0x2000000c   Data           4  main.o(.data)
    phase1                                   0x20000010   Data           4  main.o(.data)
    phase2                                   0x20000014   Data           4  main.o(.data)
    phase3                                   0x20000018   Data           4  main.o(.data)
    phase4                                   0x2000001c   Data           4  main.o(.data)
    phase5                                   0x20000020   Data           4  main.o(.data)
    bluetoothInterface                       0x20000024   Data           4  main.o(.data)
    FS_Desc                                  0x20000028   Data          28  usbd_desc.o(.data)
    USBD_LangIDDesc                          0x20000044   Data           4  usbd_desc.o(.data)
    USBD_FS_DeviceDesc                       0x20000048   Data          18  usbd_desc.o(.data)
    USBD_StringSerial                        0x2000005c   Data          26  usbd_desc.o(.data)
    USBD_Interface_fops_FS                   0x20000078   Data          20  usbd_cdc_if.o(.data)
    uwTickFreq                               0x2000008c   Data           1  stm32f4xx_hal.o(.data)
    uwTickPrio                               0x20000090   Data           4  stm32f4xx_hal.o(.data)
    uwTick                                   0x20000094   Data           4  stm32f4xx_hal.o(.data)
    SystemCoreClock                          0x20000098   Data           4  system_stm32f4xx.o(.data)
    USBD_CDC                                 0x200000f4   Data          56  usbd_cdc.o(.data)
    dataBuffer                               0x2000012c   Data        4096  main.o(.bss)
    htim3                                    0x2000112c   Data          72  main.o(.bss)
    huart1                                   0x20001174   Data          68  main.o(.bss)
    huart2                                   0x200011b8   Data          68  main.o(.bss)
    hdma_usart2_rx                           0x200011fc   Data          96  main.o(.bss)
    hUsbDeviceFS                             0x2000125c   Data         732  usb_device.o(.bss)
    USBD_StrDesc                             0x20001538   Data         512  usbd_desc.o(.bss)
    UserRxBufferFS                           0x20001738   Data        2048  usbd_cdc_if.o(.bss)
    UserTxBufferFS                           0x20001f38   Data        2048  usbd_cdc_if.o(.bss)
    hpcd_USB_OTG_FS                          0x20002958   Data        1292  usbd_conf.o(.bss)
    __libspace_start                         0x20002e64   Data          96  libspace.o(.bss)
    __temporary_stack_top$libspace           0x20002ec4   Data           0  libspace.o(.bss)



==============================================================================

Memory Map of the image

  Image Entry point : 0x08000189

  Load Region LR_IROM1 (Base: 0x08000000, Size: 0x00004f2c, Max: 0x00100000, ABSOLUTE, COMPRESSED[0x00004ec8])

    Execution Region ER_IROM1 (Exec base: 0x08000000, Load base: 0x08000000, Size: 0x00004e00, Max: 0x00100000, ABSOLUTE)

    Exec Addr    Load Addr    Size         Type   Attr      Idx    E Section Name        Object

    0x08000000   0x08000000   0x00000188   Data   RO            3    RESET               startup_stm32f407xx.o
    0x08000188   0x08000188   0x00000008   Code   RO         4338  * !!!main             c_w.l(__main.o)
    0x08000190   0x08000190   0x00000034   Code   RO         4509    !!!scatter          c_w.l(__scatter.o)
    0x080001c4   0x080001c4   0x0000005a   Code   RO         4507    !!dczerorl2         c_w.l(__dczerorl2.o)
    0x0800021e   0x0800021e   0x00000002   PAD
    0x08000220   0x08000220   0x0000001c   Code   RO         4511    !!handler_zi        c_w.l(__scatter_zi.o)
    0x0800023c   0x0800023c   0x00000002   Code   RO         4375    .ARM.Collect$$libinit$$00000000  c_w.l(libinit.o)
    0x0800023e   0x0800023e   0x00000004   Code   RO         4387    .ARM.Collect$$libinit$$00000001  c_w.l(libinit2.o)
    0x08000242   0x08000242   0x00000000   Code   RO         4390    .ARM.Collect$$libinit$$00000004  c_w.l(libinit2.o)
    0x08000242   0x08000242   0x00000000   Code   RO         4393    .ARM.Collect$$libinit$$0000000A  c_w.l(libinit2.o)
    0x08000242   0x08000242   0x00000000   Code   RO         4395    .ARM.Collect$$libinit$$0000000C  c_w.l(libinit2.o)
    0x08000242   0x08000242   0x00000000   Code   RO         4397    .ARM.Collect$$libinit$$0000000E  c_w.l(libinit2.o)
    0x08000242   0x08000242   0x00000000   Code   RO         4400    .ARM.Collect$$libinit$$00000011  c_w.l(libinit2.o)
    0x08000242   0x08000242   0x00000000   Code   RO         4402    .ARM.Collect$$libinit$$00000013  c_w.l(libinit2.o)
    0x08000242   0x08000242   0x00000000   Code   RO         4404    .ARM.Collect$$libinit$$00000015  c_w.l(libinit2.o)
    0x08000242   0x08000242   0x00000000   Code   RO         4406    .ARM.Collect$$libinit$$00000017  c_w.l(libinit2.o)
    0x08000242   0x08000242   0x00000000   Code   RO         4408    .ARM.Collect$$libinit$$00000019  c_w.l(libinit2.o)
    0x08000242   0x08000242   0x00000000   Code   RO         4410    .ARM.Collect$$libinit$$0000001B  c_w.l(libinit2.o)
    0x08000242   0x08000242   0x00000000   Code   RO         4412    .ARM.Collect$$libinit$$0000001D  c_w.l(libinit2.o)
    0x08000242   0x08000242   0x00000000   Code   RO         4414    .ARM.Collect$$libinit$$0000001F  c_w.l(libinit2.o)
    0x08000242   0x08000242   0x00000000   Code   RO         4416    .ARM.Collect$$libinit$$00000021  c_w.l(libinit2.o)
    0x08000242   0x08000242   0x00000000   Code   RO         4418    .ARM.Collect$$libinit$$00000023  c_w.l(libinit2.o)
    0x08000242   0x08000242   0x00000000   Code   RO         4420    .ARM.Collect$$libinit$$00000025  c_w.l(libinit2.o)
    0x08000242   0x08000242   0x00000000   Code   RO         4424    .ARM.Collect$$libinit$$0000002C  c_w.l(libinit2.o)
    0x08000242   0x08000242   0x00000000   Code   RO         4426    .ARM.Collect$$libinit$$0000002E  c_w.l(libinit2.o)
    0x08000242   0x08000242   0x00000000   Code   RO         4428    .ARM.Collect$$libinit$$00000030  c_w.l(libinit2.o)
    0x08000242   0x08000242   0x00000000   Code   RO         4430    .ARM.Collect$$libinit$$00000032  c_w.l(libinit2.o)
    0x08000242   0x08000242   0x00000002   Code   RO         4431    .ARM.Collect$$libinit$$00000033  c_w.l(libinit2.o)
    0x08000244   0x08000244   0x00000002   Code   RO         4462    .ARM.Collect$$libshutdown$$00000000  c_w.l(libshutdown.o)
    0x08000246   0x08000246   0x00000000   Code   RO         4488    .ARM.Collect$$libshutdown$$00000002  c_w.l(libshutdown2.o)
    0x08000246   0x08000246   0x00000000   Code   RO         4490    .ARM.Collect$$libshutdown$$00000004  c_w.l(libshutdown2.o)
    0x08000246   0x08000246   0x00000000   Code   RO         4492    .ARM.Collect$$libshutdown$$00000006  c_w.l(libshutdown2.o)
    0x08000246   0x08000246   0x00000000   Code   RO         4495    .ARM.Collect$$libshutdown$$00000009  c_w.l(libshutdown2.o)
    0x08000246   0x08000246   0x00000000   Code   RO         4498    .ARM.Collect$$libshutdown$$0000000C  c_w.l(libshutdown2.o)
    0x08000246   0x08000246   0x00000000   Code   RO         4500    .ARM.Collect$$libshutdown$$0000000E  c_w.l(libshutdown2.o)
    0x08000246   0x08000246   0x00000000   Code   RO         4503    .ARM.Collect$$libshutdown$$00000011  c_w.l(libshutdown2.o)
    0x08000246   0x08000246   0x00000002   Code   RO         4504    .ARM.Collect$$libshutdown$$00000012  c_w.l(libshutdown2.o)
    0x08000248   0x08000248   0x00000000   Code   RO         4340    .ARM.Collect$$rtentry$$00000000  c_w.l(__rtentry.o)
    0x08000248   0x08000248   0x00000000   Code   RO         4346    .ARM.Collect$$rtentry$$00000002  c_w.l(__rtentry2.o)
    0x08000248   0x08000248   0x00000006   Code   RO         4358    .ARM.Collect$$rtentry$$00000004  c_w.l(__rtentry4.o)
    0x0800024e   0x0800024e   0x00000000   Code   RO         4348    .ARM.Collect$$rtentry$$00000009  c_w.l(__rtentry2.o)
    0x0800024e   0x0800024e   0x00000004   Code   RO         4349    .ARM.Collect$$rtentry$$0000000A  c_w.l(__rtentry2.o)
    0x08000252   0x08000252   0x00000000   Code   RO         4351    .ARM.Collect$$rtentry$$0000000C  c_w.l(__rtentry2.o)
    0x08000252   0x08000252   0x00000008   Code   RO         4352    .ARM.Collect$$rtentry$$0000000D  c_w.l(__rtentry2.o)
    0x0800025a   0x0800025a   0x00000002   Code   RO         4379    .ARM.Collect$$rtexit$$00000000  c_w.l(rtexit.o)
    0x0800025c   0x0800025c   0x00000000   Code   RO         4435    .ARM.Collect$$rtexit$$00000002  c_w.l(rtexit2.o)
    0x0800025c   0x0800025c   0x00000004   Code   RO         4436    .ARM.Collect$$rtexit$$00000003  c_w.l(rtexit2.o)
    0x08000260   0x08000260   0x00000006   Code   RO         4437    .ARM.Collect$$rtexit$$00000004  c_w.l(rtexit2.o)
    0x08000266   0x08000266   0x00000002   PAD
    0x08000268   0x08000268   0x00000040   Code   RO            4    .text               startup_stm32f407xx.o
    0x080002a8   0x080002a8   0x000000ee   Code   RO         4328    .text               c_w.l(lludivv7m.o)
    0x08000396   0x08000396   0x00000064   Code   RO         4332    .text               c_w.l(rt_memcpy_w.o)
    0x080003fa   0x080003fa   0x0000004e   Code   RO         4334    .text               c_w.l(rt_memclr_w.o)
    0x08000448   0x08000448   0x00000006   Code   RO         4336    .text               c_w.l(heapauxi.o)
    0x0800044e   0x0800044e   0x0000004a   Code   RO         4362    .text               c_w.l(sys_stackheap_outer.o)
    0x08000498   0x08000498   0x00000012   Code   RO         4364    .text               c_w.l(exit.o)
    0x080004aa   0x080004aa   0x00000002   PAD
    0x080004ac   0x080004ac   0x00000008   Code   RO         4376    .text               c_w.l(libspace.o)
    0x080004b4   0x080004b4   0x0000000c   Code   RO         4432    .text               c_w.l(sys_exit.o)
    0x080004c0   0x080004c0   0x00000002   Code   RO         4451    .text               c_w.l(use_no_semi.o)
    0x080004c2   0x080004c2   0x00000000   Code   RO         4453    .text               c_w.l(indicate_semi.o)
    0x080004c2   0x080004c2   0x00000002   Code   RO          316    i.BusFault_Handler  stm32f4xx_it.o
    0x080004c4   0x080004c4   0x00000004   Code   RO          582    i.CDC_Control_FS    usbd_cdc_if.o
    0x080004c8   0x080004c8   0x00000004   Code   RO          583    i.CDC_DeInit_FS     usbd_cdc_if.o
    0x080004cc   0x080004cc   0x00000024   Code   RO          584    i.CDC_Init_FS       usbd_cdc_if.o
    0x080004f0   0x080004f0   0x00000018   Code   RO          585    i.CDC_Receive_FS    usbd_cdc_if.o
    0x08000508   0x08000508   0x00000004   Code   RO          586    i.CDC_TransmitCplt_FS  usbd_cdc_if.o
    0x0800050c   0x0800050c   0x0000000c   Code   RO          317    i.DMA1_Stream5_IRQHandler  stm32f4xx_it.o
    0x08000518   0x08000518   0x00000028   Code   RO         1890    i.DMA_CalcBaseAndBitshift  stm32f4xx_hal_dma.o
    0x08000540   0x08000540   0x00000054   Code   RO         1891    i.DMA_CheckFifoParam  stm32f4xx_hal_dma.o
    0x08000594   0x08000594   0x00000028   Code   RO         1892    i.DMA_SetConfig     stm32f4xx_hal_dma.o
    0x080005bc   0x080005bc   0x00000002   Code   RO          318    i.DebugMon_Handler  stm32f4xx_it.o
    0x080005be   0x080005be   0x00000004   Code   RO           13    i.Error_Handler     main.o
    0x080005c2   0x080005c2   0x00000092   Code   RO         1893    i.HAL_DMA_Abort     stm32f4xx_hal_dma.o
    0x08000654   0x08000654   0x00000024   Code   RO         1894    i.HAL_DMA_Abort_IT  stm32f4xx_hal_dma.o
    0x08000678   0x08000678   0x000001a0   Code   RO         1898    i.HAL_DMA_IRQHandler  stm32f4xx_hal_dma.o
    0x08000818   0x08000818   0x000000d4   Code   RO         1899    i.HAL_DMA_Init      stm32f4xx_hal_dma.o
    0x080008ec   0x080008ec   0x0000006e   Code   RO         1903    i.HAL_DMA_Start_IT  stm32f4xx_hal_dma.o
    0x0800095a   0x0800095a   0x00000002   PAD
    0x0800095c   0x0800095c   0x00000024   Code   RO         2312    i.HAL_Delay         stm32f4xx_hal.o
    0x08000980   0x08000980   0x000001f0   Code   RO         1786    i.HAL_GPIO_Init     stm32f4xx_hal_gpio.o
    0x08000b70   0x08000b70   0x0000000a   Code   RO         1790    i.HAL_GPIO_WritePin  stm32f4xx_hal_gpio.o
    0x08000b7a   0x08000b7a   0x00000002   PAD
    0x08000b7c   0x08000b7c   0x0000000c   Code   RO         2318    i.HAL_GetTick       stm32f4xx_hal.o
    0x08000b88   0x08000b88   0x00000010   Code   RO         2324    i.HAL_IncTick       stm32f4xx_hal.o
    0x08000b98   0x08000b98   0x00000034   Code   RO         2325    i.HAL_Init          stm32f4xx_hal.o
    0x08000bcc   0x08000bcc   0x00000040   Code   RO         2326    i.HAL_InitTick      stm32f4xx_hal.o
    0x08000c0c   0x08000c0c   0x00000034   Code   RO          410    i.HAL_MspInit       stm32f4xx_hal_msp.o
    0x08000c40   0x08000c40   0x0000001a   Code   RO         2175    i.HAL_NVIC_EnableIRQ  stm32f4xx_hal_cortex.o
    0x08000c5a   0x08000c5a   0x00000002   PAD
    0x08000c5c   0x08000c5c   0x00000040   Code   RO         2181    i.HAL_NVIC_SetPriority  stm32f4xx_hal_cortex.o
    0x08000c9c   0x08000c9c   0x00000024   Code   RO         2182    i.HAL_NVIC_SetPriorityGrouping  stm32f4xx_hal_cortex.o
    0x08000cc0   0x08000cc0   0x00000002   Code   RO         1085    i.HAL_PCDEx_LPM_Callback  stm32f4xx_hal_pcd_ex.o
    0x08000cc2   0x08000cc2   0x00000008   Code   RO         1086    i.HAL_PCDEx_SetRxFiFo  stm32f4xx_hal_pcd_ex.o
    0x08000cca   0x08000cca   0x00000044   Code   RO         1087    i.HAL_PCDEx_SetTxFiFo  stm32f4xx_hal_pcd_ex.o
    0x08000d0e   0x08000d0e   0x00000008   Code   RO          639    i.HAL_PCD_ConnectCallback  usbd_conf.o
    0x08000d16   0x08000d16   0x00000012   Code   RO          640    i.HAL_PCD_DataInStageCallback  usbd_conf.o
    0x08000d28   0x08000d28   0x00000014   Code   RO          641    i.HAL_PCD_DataOutStageCallback  usbd_conf.o
    0x08000d3c   0x08000d3c   0x00000008   Code   RO          642    i.HAL_PCD_DisconnectCallback  usbd_conf.o
    0x08000d44   0x08000d44   0x0000001e   Code   RO          855    i.HAL_PCD_EP_Abort  stm32f4xx_hal_pcd.o
    0x08000d62   0x08000d62   0x0000004c   Code   RO          856    i.HAL_PCD_EP_Close  stm32f4xx_hal_pcd.o
    0x08000dae   0x08000dae   0x0000005c   Code   RO          857    i.HAL_PCD_EP_ClrStall  stm32f4xx_hal_pcd.o
    0x08000e0a   0x08000e0a   0x00000012   Code   RO          859    i.HAL_PCD_EP_GetRxCount  stm32f4xx_hal_pcd.o
    0x08000e1c   0x08000e1c   0x00000060   Code   RO          860    i.HAL_PCD_EP_Open   stm32f4xx_hal_pcd.o
    0x08000e7c   0x08000e7c   0x00000048   Code   RO          861    i.HAL_PCD_EP_Receive  stm32f4xx_hal_pcd.o
    0x08000ec4   0x08000ec4   0x00000074   Code   RO          862    i.HAL_PCD_EP_SetStall  stm32f4xx_hal_pcd.o
    0x08000f38   0x08000f38   0x00000040   Code   RO          863    i.HAL_PCD_EP_Transmit  stm32f4xx_hal_pcd.o
    0x08000f78   0x08000f78   0x00000560   Code   RO          865    i.HAL_PCD_IRQHandler  stm32f4xx_hal_pcd.o
    0x080014d8   0x080014d8   0x00000008   Code   RO          643    i.HAL_PCD_ISOINIncompleteCallback  usbd_conf.o
    0x080014e0   0x080014e0   0x00000008   Code   RO          644    i.HAL_PCD_ISOOUTIncompleteCallback  usbd_conf.o
    0x080014e8   0x080014e8   0x000000e2   Code   RO          868    i.HAL_PCD_Init      stm32f4xx_hal_pcd.o
    0x080015ca   0x080015ca   0x00000002   PAD
    0x080015cc   0x080015cc   0x00000084   Code   RO          646    i.HAL_PCD_MspInit   usbd_conf.o
    0x08001650   0x08001650   0x0000002c   Code   RO          647    i.HAL_PCD_ResetCallback  usbd_conf.o
    0x0800167c   0x0800167c   0x00000008   Code   RO          648    i.HAL_PCD_ResumeCallback  usbd_conf.o
    0x08001684   0x08001684   0x00000008   Code   RO          649    i.HAL_PCD_SOFCallback  usbd_conf.o
    0x0800168c   0x0800168c   0x00000028   Code   RO          874    i.HAL_PCD_SetAddress  stm32f4xx_hal_pcd.o
    0x080016b4   0x080016b4   0x0000000e   Code   RO          650    i.HAL_PCD_SetupStageCallback  usbd_conf.o
    0x080016c2   0x080016c2   0x00000042   Code   RO          877    i.HAL_PCD_Start     stm32f4xx_hal_pcd.o
    0x08001704   0x08001704   0x00000030   Code   RO          651    i.HAL_PCD_SuspendCallback  usbd_conf.o
    0x08001734   0x08001734   0x00000134   Code   RO         1432    i.HAL_RCC_ClockConfig  stm32f4xx_hal_rcc.o
    0x08001868   0x08001868   0x0000000c   Code   RO         1437    i.HAL_RCC_GetHCLKFreq  stm32f4xx_hal_rcc.o
    0x08001874   0x08001874   0x00000020   Code   RO         1439    i.HAL_RCC_GetPCLK1Freq  stm32f4xx_hal_rcc.o
    0x08001894   0x08001894   0x00000020   Code   RO         1440    i.HAL_RCC_GetPCLK2Freq  stm32f4xx_hal_rcc.o
    0x080018b4   0x080018b4   0x00000060   Code   RO         1441    i.HAL_RCC_GetSysClockFreq  stm32f4xx_hal_rcc.o
    0x08001914   0x08001914   0x0000036c   Code   RO         1444    i.HAL_RCC_OscConfig  stm32f4xx_hal_rcc.o
    0x08001c80   0x08001c80   0x00000028   Code   RO         2186    i.HAL_SYSTICK_Config  stm32f4xx_hal_cortex.o
    0x08001ca8   0x08001ca8   0x00000090   Code   RO         3288    i.HAL_TIMEx_MasterConfigSynchronization  stm32f4xx_hal_tim_ex.o
    0x08001d38   0x08001d38   0x00000050   Code   RO          411    i.HAL_TIM_MspPostInit  stm32f4xx_hal_msp.o
    0x08001d88   0x08001d88   0x000000cc   Code   RO         2637    i.HAL_TIM_PWM_ConfigChannel  stm32f4xx_hal_tim.o
    0x08001e54   0x08001e54   0x0000005a   Code   RO         2640    i.HAL_TIM_PWM_Init  stm32f4xx_hal_tim.o
    0x08001eae   0x08001eae   0x00000002   PAD
    0x08001eb0   0x08001eb0   0x00000028   Code   RO          413    i.HAL_TIM_PWM_MspInit  stm32f4xx_hal_msp.o
    0x08001ed8   0x08001ed8   0x000000c8   Code   RO         2645    i.HAL_TIM_PWM_Start  stm32f4xx_hal_tim.o
    0x08001fa0   0x08001fa0   0x00000002   Code   RO         3547    i.HAL_UARTEx_RxEventCallback  stm32f4xx_hal_uart.o
    0x08001fa2   0x08001fa2   0x00000002   Code   RO         3561    i.HAL_UART_ErrorCallback  stm32f4xx_hal_uart.o
    0x08001fa4   0x08001fa4   0x00000268   Code   RO         3564    i.HAL_UART_IRQHandler  stm32f4xx_hal_uart.o
    0x0800220c   0x0800220c   0x00000062   Code   RO         3565    i.HAL_UART_Init     stm32f4xx_hal_uart.o
    0x0800226e   0x0800226e   0x00000002   PAD
    0x08002270   0x08002270   0x000000fc   Code   RO          415    i.HAL_UART_MspInit  stm32f4xx_hal_msp.o
    0x0800236c   0x0800236c   0x0000002a   Code   RO         3569    i.HAL_UART_Receive_DMA  stm32f4xx_hal_uart.o
    0x08002396   0x08002396   0x00000002   Code   RO         3571    i.HAL_UART_RxCpltCallback  stm32f4xx_hal_uart.o
    0x08002398   0x08002398   0x00000002   Code   RO         3572    i.HAL_UART_RxHalfCpltCallback  stm32f4xx_hal_uart.o
    0x0800239a   0x0800239a   0x00000002   PAD
    0x0800239c   0x0800239c   0x000000b2   Code   RO         3573    i.HAL_UART_Transmit  stm32f4xx_hal_uart.o
    0x0800244e   0x0800244e   0x00000002   Code   RO         3576    i.HAL_UART_TxCpltCallback  stm32f4xx_hal_uart.o
    0x08002450   0x08002450   0x00000002   Code   RO          319    i.HardFault_Handler  stm32f4xx_it.o
    0x08002452   0x08002452   0x00000002   PAD
    0x08002454   0x08002454   0x00000038   Code   RO          496    i.IntToUnicode      usbd_desc.o
    0x0800248c   0x0800248c   0x0000011c   Code   RO           14    i.MX_GPIO_Init      main.o
    0x080025a8   0x080025a8   0x00000074   Code   RO           15    i.MX_TIM3_Init      main.o
    0x0800261c   0x0800261c   0x00000054   Code   RO          465    i.MX_USB_DEVICE_Init  usb_device.o
    0x08002670   0x08002670   0x00000002   Code   RO          320    i.MemManage_Handler  stm32f4xx_it.o
    0x08002672   0x08002672   0x00000002   Code   RO          321    i.NMI_Handler       stm32f4xx_it.o
    0x08002674   0x08002674   0x0000000c   Code   RO          322    i.OTG_FS_IRQHandler  stm32f4xx_it.o
    0x08002680   0x08002680   0x000000cc   Code   RO          881    i.PCD_EP_OutXfrComplete_int  stm32f4xx_hal_pcd.o
    0x0800274c   0x0800274c   0x000000a2   Code   RO          882    i.PCD_WriteEmptyTxFifo  stm32f4xx_hal_pcd.o
    0x080027ee   0x080027ee   0x00000002   Code   RO          323    i.PendSV_Handler    stm32f4xx_it.o
    0x080027f0   0x080027f0   0x00000002   Code   RO          324    i.SVC_Handler       stm32f4xx_it.o
    0x080027f2   0x080027f2   0x0000000a   Code   RO         4090    i.SWAPBYTE          usbd_ctlreq.o
    0x080027fc   0x080027fc   0x00000004   Code   RO          325    i.SysTick_Handler   stm32f4xx_it.o
    0x08002800   0x08002800   0x00000098   Code   RO           16    i.SystemClock_Config  main.o
    0x08002898   0x08002898   0x00000010   Code   RO         3894    i.SystemInit        system_stm32f4xx.o
    0x080028a8   0x080028a8   0x000000c8   Code   RO         2658    i.TIM_Base_SetConfig  stm32f4xx_hal_tim.o
    0x08002970   0x08002970   0x0000001a   Code   RO         2659    i.TIM_CCxChannelCmd  stm32f4xx_hal_tim.o
    0x0800298a   0x0800298a   0x00000002   PAD
    0x0800298c   0x0800298c   0x00000060   Code   RO         2671    i.TIM_OC1_SetConfig  stm32f4xx_hal_tim.o
    0x080029ec   0x080029ec   0x0000006c   Code   RO         2672    i.TIM_OC2_SetConfig  stm32f4xx_hal_tim.o
    0x08002a58   0x08002a58   0x00000068   Code   RO         2673    i.TIM_OC3_SetConfig  stm32f4xx_hal_tim.o
    0x08002ac0   0x08002ac0   0x00000050   Code   RO         2674    i.TIM_OC4_SetConfig  stm32f4xx_hal_tim.o
    0x08002b10   0x08002b10   0x00000010   Code   RO         3578    i.UART_DMAAbortOnError  stm32f4xx_hal_uart.o
    0x08002b20   0x08002b20   0x0000004a   Code   RO         3579    i.UART_DMAError     stm32f4xx_hal_uart.o
    0x08002b6a   0x08002b6a   0x00000082   Code   RO         3580    i.UART_DMAReceiveCplt  stm32f4xx_hal_uart.o
    0x08002bec   0x08002bec   0x0000001a   Code   RO         3582    i.UART_DMARxHalfCplt  stm32f4xx_hal_uart.o
    0x08002c06   0x08002c06   0x0000004e   Code   RO         3588    i.UART_EndRxTransfer  stm32f4xx_hal_uart.o
    0x08002c54   0x08002c54   0x0000001c   Code   RO         3589    i.UART_EndTxTransfer  stm32f4xx_hal_uart.o
    0x08002c70   0x08002c70   0x000000c0   Code   RO         3590    i.UART_Receive_IT   stm32f4xx_hal_uart.o
    0x08002d30   0x08002d30   0x0000010c   Code   RO         3591    i.UART_SetConfig    stm32f4xx_hal_uart.o
    0x08002e3c   0x08002e3c   0x00000094   Code   RO         3592    i.UART_Start_Receive_DMA  stm32f4xx_hal_uart.o
    0x08002ed0   0x08002ed0   0x00000078   Code   RO         3594    i.UART_WaitOnFlagUntilTimeout  stm32f4xx_hal_uart.o
    0x08002f48   0x08002f48   0x0000000c   Code   RO          326    i.USART2_IRQHandler  stm32f4xx_it.o
    0x08002f54   0x08002f54   0x00000076   Code   RO         4223    i.USBD_CDC_DataIn   usbd_cdc.o
    0x08002fca   0x08002fca   0x0000003c   Code   RO         4224    i.USBD_CDC_DataOut  usbd_cdc.o
    0x08003006   0x08003006   0x00000002   PAD
    0x08003008   0x08003008   0x00000090   Code   RO         4225    i.USBD_CDC_DeInit   usbd_cdc.o
    0x08003098   0x08003098   0x00000036   Code   RO         4226    i.USBD_CDC_EP0_RxReady  usbd_cdc.o
    0x080030ce   0x080030ce   0x00000002   PAD
    0x080030d0   0x080030d0   0x0000000c   Code   RO         4227    i.USBD_CDC_GetDeviceQualifierDescriptor  usbd_cdc.o
    0x080030dc   0x080030dc   0x0000003c   Code   RO         4228    i.USBD_CDC_GetFSCfgDesc  usbd_cdc.o
    0x08003118   0x08003118   0x00000040   Code   RO         4229    i.USBD_CDC_GetHSCfgDesc  usbd_cdc.o
    0x08003158   0x08003158   0x0000003c   Code   RO         4230    i.USBD_CDC_GetOtherSpeedCfgDesc  usbd_cdc.o
    0x08003194   0x08003194   0x00000118   Code   RO         4231    i.USBD_CDC_Init     usbd_cdc.o
    0x080032ac   0x080032ac   0x00000038   Code   RO         4232    i.USBD_CDC_ReceivePacket  usbd_cdc.o
    0x080032e4   0x080032e4   0x00000016   Code   RO         4233    i.USBD_CDC_RegisterInterface  usbd_cdc.o
    0x080032fa   0x080032fa   0x0000001a   Code   RO         4234    i.USBD_CDC_SetRxBuffer  usbd_cdc.o
    0x08003314   0x08003314   0x0000001e   Code   RO         4235    i.USBD_CDC_SetTxBuffer  usbd_cdc.o
    0x08003332   0x08003332   0x000000d4   Code   RO         4236    i.USBD_CDC_Setup    usbd_cdc.o
    0x08003406   0x08003406   0x00000014   Code   RO         3931    i.USBD_ClrClassConfig  usbd_core.o
    0x0800341a   0x0800341a   0x00000004   Code   RO         3932    i.USBD_CoreFindEP   usbd_core.o
    0x0800341e   0x0800341e   0x00000004   Code   RO         3933    i.USBD_CoreFindIF   usbd_core.o
    0x08003422   0x08003422   0x00000010   Code   RO         4163    i.USBD_CtlContinueRx  usbd_ioreq.o
    0x08003432   0x08003432   0x00000010   Code   RO         4164    i.USBD_CtlContinueSendData  usbd_ioreq.o
    0x08003442   0x08003442   0x00000016   Code   RO         4091    i.USBD_CtlError     usbd_ctlreq.o
    0x08003458   0x08003458   0x0000001e   Code   RO         4165    i.USBD_CtlPrepareRx  usbd_ioreq.o
    0x08003476   0x08003476   0x00000016   Code   RO         4166    i.USBD_CtlReceiveStatus  usbd_ioreq.o
    0x0800348c   0x0800348c   0x0000001a   Code   RO         4167    i.USBD_CtlSendData  usbd_ioreq.o
    0x080034a6   0x080034a6   0x00000016   Code   RO         4168    i.USBD_CtlSendStatus  usbd_ioreq.o
    0x080034bc   0x080034bc   0x00000020   Code   RO          497    i.USBD_FS_ConfigStrDescriptor  usbd_desc.o
    0x080034dc   0x080034dc   0x0000000c   Code   RO          498    i.USBD_FS_DeviceDescriptor  usbd_desc.o
    0x080034e8   0x080034e8   0x00000024   Code   RO          499    i.USBD_FS_InterfaceStrDescriptor  usbd_desc.o
    0x0800350c   0x0800350c   0x0000000c   Code   RO          500    i.USBD_FS_LangIDStrDescriptor  usbd_desc.o
    0x08003518   0x08003518   0x00000028   Code   RO          501    i.USBD_FS_ManufacturerStrDescriptor  usbd_desc.o
    0x08003540   0x08003540   0x00000028   Code   RO          502    i.USBD_FS_ProductStrDescriptor  usbd_desc.o
    0x08003568   0x08003568   0x00000038   Code   RO          503    i.USBD_FS_SerialStrDescriptor  usbd_desc.o
    0x080035a0   0x080035a0   0x000000e6   Code   RO         4092    i.USBD_GetDescriptor  usbd_ctlreq.o
    0x08003686   0x08003686   0x0000003a   Code   RO         3935    i.USBD_GetEpDesc    usbd_core.o
    0x080036c0   0x080036c0   0x0000000e   Code   RO         3936    i.USBD_GetNextDesc  usbd_core.o
    0x080036ce   0x080036ce   0x00000048   Code   RO         4093    i.USBD_GetString    usbd_ctlreq.o
    0x08003716   0x08003716   0x00000018   Code   RO          652    i.USBD_Get_USB_Status  usbd_conf.o
    0x0800372e   0x0800372e   0x00000026   Code   RO         3937    i.USBD_Init         usbd_core.o
    0x08003754   0x08003754   0x00000012   Code   RO          653    i.USBD_LL_ClearStallEP  usbd_conf.o
    0x08003766   0x08003766   0x00000012   Code   RO          654    i.USBD_LL_CloseEP   usbd_conf.o
    0x08003778   0x08003778   0x000000b6   Code   RO         3938    i.USBD_LL_DataInStage  usbd_core.o
    0x0800382e   0x0800382e   0x0000008e   Code   RO         3939    i.USBD_LL_DataOutStage  usbd_core.o
    0x080038bc   0x080038bc   0x00000004   Code   RO         3940    i.USBD_LL_DevConnected  usbd_core.o
    0x080038c0   0x080038c0   0x0000001e   Code   RO         3941    i.USBD_LL_DevDisconnected  usbd_core.o
    0x080038de   0x080038de   0x00000008   Code   RO          658    i.USBD_LL_GetRxDataSize  usbd_conf.o
    0x080038e6   0x080038e6   0x00000002   PAD
    0x080038e8   0x080038e8   0x00000060   Code   RO          659    i.USBD_LL_Init      usbd_conf.o
    0x08003948   0x08003948   0x00000020   Code   RO          660    i.USBD_LL_IsStallEP  usbd_conf.o
    0x08003968   0x08003968   0x00000028   Code   RO         3942    i.USBD_LL_IsoINIncomplete  usbd_core.o
    0x08003990   0x08003990   0x00000028   Code   RO         3943    i.USBD_LL_IsoOUTIncomplete  usbd_core.o
    0x080039b8   0x080039b8   0x00000018   Code   RO          661    i.USBD_LL_OpenEP    usbd_conf.o
    0x080039d0   0x080039d0   0x00000012   Code   RO          662    i.USBD_LL_PrepareReceive  usbd_conf.o
    0x080039e2   0x080039e2   0x0000005c   Code   RO         3944    i.USBD_LL_Reset     usbd_core.o
    0x08003a3e   0x08003a3e   0x00000014   Code   RO         3945    i.USBD_LL_Resume    usbd_core.o
    0x08003a52   0x08003a52   0x0000001a   Code   RO         3946    i.USBD_LL_SOF       usbd_core.o
    0x08003a6c   0x08003a6c   0x00000006   Code   RO         3947    i.USBD_LL_SetSpeed  usbd_core.o
    0x08003a72   0x08003a72   0x00000012   Code   RO          663    i.USBD_LL_SetUSBAddress  usbd_conf.o
    0x08003a84   0x08003a84   0x00000060   Code   RO         3948    i.USBD_LL_SetupStage  usbd_core.o
    0x08003ae4   0x08003ae4   0x00000012   Code   RO          664    i.USBD_LL_StallEP   usbd_conf.o
    0x08003af6   0x08003af6   0x00000012   Code   RO          665    i.USBD_LL_Start     usbd_conf.o
    0x08003b08   0x08003b08   0x00000012   Code   RO         3949    i.USBD_LL_Suspend   usbd_core.o
    0x08003b1a   0x08003b1a   0x00000012   Code   RO          667    i.USBD_LL_Transmit  usbd_conf.o
    0x08003b2c   0x08003b2c   0x0000002c   Code   RO         4094    i.USBD_ParseSetupRequest  usbd_ctlreq.o
    0x08003b58   0x08003b58   0x0000003a   Code   RO         3950    i.USBD_RegisterClass  usbd_core.o
    0x08003b92   0x08003b92   0x00000014   Code   RO         3952    i.USBD_SetClassConfig  usbd_core.o
    0x08003ba6   0x08003ba6   0x00000002   PAD
    0x08003ba8   0x08003ba8   0x000000b8   Code   RO         4095    i.USBD_SetConfig    usbd_ctlreq.o
    0x08003c60   0x08003c60   0x00000004   Code   RO         3953    i.USBD_Start        usbd_core.o
    0x08003c64   0x08003c64   0x0000012c   Code   RO         4096    i.USBD_StdDevReq    usbd_ctlreq.o
    0x08003d90   0x08003d90   0x00000160   Code   RO         4097    i.USBD_StdEPReq     usbd_ctlreq.o
    0x08003ef0   0x08003ef0   0x00000072   Code   RO         4098    i.USBD_StdItfReq    usbd_ctlreq.o
    0x08003f62   0x08003f62   0x00000002   Code   RO          668    i.USBD_static_free  usbd_conf.o
    0x08003f64   0x08003f64   0x00000008   Code   RO          669    i.USBD_static_malloc  usbd_conf.o
    0x08003f6c   0x08003f6c   0x00000080   Code   RO         1127    i.USB_ActivateEndpoint  stm32f4xx_ll_usb.o
    0x08003fec   0x08003fec   0x0000001c   Code   RO         1129    i.USB_ActivateSetup  stm32f4xx_ll_usb.o
    0x08004008   0x08004008   0x00000074   Code   RO         1131    i.USB_CoreInit      stm32f4xx_ll_usb.o
    0x0800407c   0x0800407c   0x00000040   Code   RO         1132    i.USB_CoreReset     stm32f4xx_ll_usb.o
    0x080040bc   0x080040bc   0x000000cc   Code   RO         1135    i.USB_DeactivateEndpoint  stm32f4xx_ll_usb.o
    0x08004188   0x08004188   0x0000001c   Code   RO         1136    i.USB_DevConnect    stm32f4xx_ll_usb.o
    0x080041a4   0x080041a4   0x0000001c   Code   RO         1137    i.USB_DevDisconnect  stm32f4xx_ll_usb.o
    0x080041c0   0x080041c0   0x00000174   Code   RO         1138    i.USB_DevInit       stm32f4xx_ll_usb.o
    0x08004334   0x08004334   0x0000000c   Code   RO         1139    i.USB_DisableGlobalInt  stm32f4xx_ll_usb.o
    0x08004340   0x08004340   0x0000011c   Code   RO         1142    i.USB_EP0StartXfer  stm32f4xx_ll_usb.o
    0x0800445c   0x0800445c   0x00000058   Code   RO         1143    i.USB_EP0_OutStart  stm32f4xx_ll_usb.o
    0x080044b4   0x080044b4   0x00000058   Code   RO         1144    i.USB_EPClearStall  stm32f4xx_ll_usb.o
    0x0800450c   0x0800450c   0x00000058   Code   RO         1145    i.USB_EPSetStall    stm32f4xx_ll_usb.o
    0x08004564   0x08004564   0x000001e4   Code   RO         1146    i.USB_EPStartXfer   stm32f4xx_ll_usb.o
    0x08004748   0x08004748   0x0000009e   Code   RO         1147    i.USB_EPStopXfer    stm32f4xx_ll_usb.o
    0x080047e6   0x080047e6   0x0000000c   Code   RO         1148    i.USB_EnableGlobalInt  stm32f4xx_ll_usb.o
    0x080047f2   0x080047f2   0x00000002   PAD
    0x080047f4   0x080047f4   0x0000003c   Code   RO         1149    i.USB_FlushRxFifo   stm32f4xx_ll_usb.o
    0x08004830   0x08004830   0x00000040   Code   RO         1150    i.USB_FlushTxFifo   stm32f4xx_ll_usb.o
    0x08004870   0x08004870   0x0000001a   Code   RO         1152    i.USB_GetDevSpeed   stm32f4xx_ll_usb.o
    0x0800488a   0x0800488a   0x00000008   Code   RO         1154    i.USB_GetMode       stm32f4xx_ll_usb.o
    0x08004892   0x08004892   0x0000000e   Code   RO         1161    i.USB_ReadDevAllInEpInterrupt  stm32f4xx_ll_usb.o
    0x080048a0   0x080048a0   0x0000000e   Code   RO         1162    i.USB_ReadDevAllOutEpInterrupt  stm32f4xx_ll_usb.o
    0x080048ae   0x080048ae   0x00000024   Code   RO         1163    i.USB_ReadDevInEPInterrupt  stm32f4xx_ll_usb.o
    0x080048d2   0x080048d2   0x00000010   Code   RO         1164    i.USB_ReadDevOutEPInterrupt  stm32f4xx_ll_usb.o
    0x080048e2   0x080048e2   0x00000008   Code   RO         1165    i.USB_ReadInterrupts  stm32f4xx_ll_usb.o
    0x080048ea   0x080048ea   0x0000003e   Code   RO         1166    i.USB_ReadPacket    stm32f4xx_ll_usb.o
    0x08004928   0x08004928   0x0000005c   Code   RO         1168    i.USB_SetCurrentMode  stm32f4xx_ll_usb.o
    0x08004984   0x08004984   0x00000022   Code   RO         1169    i.USB_SetDevAddress  stm32f4xx_ll_usb.o
    0x080049a6   0x080049a6   0x00000002   PAD
    0x080049a8   0x080049a8   0x000000e8   Code   RO         1171    i.USB_SetTurnaroundTime  stm32f4xx_ll_usb.o
    0x08004a90   0x08004a90   0x00000028   Code   RO         1174    i.USB_WritePacket   stm32f4xx_ll_usb.o
    0x08004ab8   0x08004ab8   0x00000002   Code   RO          327    i.UsageFault_Handler  stm32f4xx_it.o
    0x08004aba   0x08004aba   0x00000020   Code   RO         2188    i.__NVIC_SetPriority  stm32f4xx_hal_cortex.o
    0x08004ada   0x08004ada   0x00000002   PAD
    0x08004adc   0x08004adc   0x00000078   Code   RO           22    i._sti_sendString_  main.o
    0x08004b54   0x08004b54   0x0000006e   Code   RO           23    i.fastSearch        main.o
    0x08004bc2   0x08004bc2   0x00000002   PAD
    0x08004bc4   0x08004bc4   0x000000cc   Code   RO           24    i.main              main.o
    0x08004c90   0x08004c90   0x00000030   Code   RO           28    i.sti_Setup_UART    main.o
    0x08004cc0   0x08004cc0   0x00000014   Code   RO           29    i.sti_available     main.o
    0x08004cd4   0x08004cd4   0x0000005c   Code   RO           30    i.sti_resolveCommand  main.o
    0x08004d30   0x08004d30   0x00000070   Code   RO           31    i.sti_syncSession   main.o
    0x08004da0   0x08004da0   0x00000010   Code   RO           32    i.sti_used          main.o
    0x08004db0   0x08004db0   0x00000004   Code   RO           33    i.stringCallback    main.o
    0x08004db4   0x08004db4   0x0000000a   Code   RO         4447    x$fpl$fpinit        fz_wm.l(fpinit.o)
    0x08004dbe   0x08004dbe   0x00000008   Data   RO         1905    .constdata          stm32f4xx_hal_dma.o
    0x08004dc6   0x08004dc6   0x00000010   Data   RO         3895    .constdata          system_stm32f4xx.o
    0x08004dd6   0x08004dd6   0x00000008   Data   RO         3896    .constdata          system_stm32f4xx.o
    0x08004dde   0x08004dde   0x00000002   PAD
    0x08004de0   0x08004de0   0x00000020   Data   RO         4505    Region$$Table       anon$$obj.o


    Execution Region RW_IRAM1 (Exec base: 0x20000000, Load base: 0x08004e00, Size: 0x000034c8, Max: 0x0001c000, ABSOLUTE, COMPRESSED[0x000000c8])

    Exec Addr    Load Addr    Size         Type   Attr      Idx    E Section Name        Object

    0x20000000   COMPRESSED   0x00000028   Data   RW           37    .data               main.o
    0x20000028   COMPRESSED   0x0000001c   Data   RW          505    .data               usbd_desc.o
    0x20000044   COMPRESSED   0x00000032   Data   RW          506    .data               usbd_desc.o
    0x20000076   COMPRESSED   0x00000002   PAD
    0x20000078   COMPRESSED   0x00000014   Data   RW          589    .data               usbd_cdc_if.o
    0x2000008c   COMPRESSED   0x0000000c   Data   RW         2332    .data               stm32f4xx_hal.o
    0x20000098   COMPRESSED   0x00000004   Data   RW         3897    .data               system_stm32f4xx.o
    0x2000009c   COMPRESSED   0x00000001   Data   RW         4099    .data               usbd_ctlreq.o
    0x2000009d   COMPRESSED   0x00000003   PAD
    0x200000a0   COMPRESSED   0x00000053   Data   RW         4238    .data               usbd_cdc.o
    0x200000f3   COMPRESSED   0x00000001   PAD
    0x200000f4   COMPRESSED   0x00000038   Data   RW         4239    .data               usbd_cdc.o
    0x2000012c        -       0x00001130   Zero   RW           36    .bss                main.o
    0x2000125c        -       0x000002dc   Zero   RW          466    .bss                usb_device.o
    0x20001538        -       0x00000200   Zero   RW          504    .bss                usbd_desc.o
    0x20001738        -       0x00001000   Zero   RW          588    .bss                usbd_cdc_if.o
    0x20002738        -       0x0000072c   Zero   RW          670    .bss                usbd_conf.o
    0x20002e64        -       0x00000060   Zero   RW         4377    .bss                c_w.l(libspace.o)
    0x20002ec4   COMPRESSED   0x00000004   PAD
    0x20002ec8        -       0x00000200   Zero   RW            2    HEAP                startup_stm32f407xx.o
    0x200030c8        -       0x00000400   Zero   RW            1    STACK               startup_stm32f407xx.o


    Execution Region RW_IRAM2 (Exec base: 0x2001c000, Load base: 0x08004ec8, Size: 0x00000000, Max: 0x00004000, ABSOLUTE)

    **** No section assigned to this execution region ****


==============================================================================

Image component sizes


      Code (inc. data)   RO Data    RW Data    ZI Data      Debug   Object Name

      1282        130          0         40       4400     717424   main.o
        64         26        392          0       1536        852   startup_stm32f407xx.o
       180         28          0         12          0       9485   stm32f4xx_hal.o
       198         14          0          0          0      34015   stm32f4xx_hal_cortex.o
      1084         16          8          0          0       7438   stm32f4xx_hal_dma.o
       506         46          0          0          0       2224   stm32f4xx_hal_gpio.o
       424         52          0          0          0       3170   stm32f4xx_hal_msp.o
      2638         12          0          0          0      13848   stm32f4xx_hal_pcd.o
        78          0          0          0          0       2441   stm32f4xx_hal_pcd_ex.o
      1356         78          0          0          0       5792   stm32f4xx_hal_rcc.o
      1108        108          0          0          0       8494   stm32f4xx_hal_tim.o
       144         28          0          0          0       1364   stm32f4xx_hal_tim_ex.o
      2024         30          0          0          0      15430   stm32f4xx_hal_uart.o
        56         18          0          0          0       5704   stm32f4xx_it.o
      2888        134          0          0          0      24299   stm32f4xx_ll_usb.o
        16          4         24          4          0       1159   system_stm32f4xx.o
        84         18          0          0        732        828   usb_device.o
      1198         32          0        139          0      13759   usbd_cdc.o
        72         16          0         20       4096       3294   usbd_cdc_if.o
       644         24          0          0       1836      17088   usbd_conf.o
       916          0          0          0          0      15671   usbd_core.o
      1328         28          0          1          0      15004   usbd_ctlreq.o
       284        100          0         78        512       6277   usbd_desc.o
       132          0          0          0          0       4596   usbd_ioreq.o

    ----------------------------------------------------------------------
     18738        942        458        300      13112     929656   Object Totals
         0          0         32          0          0          0   (incl. Generated)
        34          0          2          6          0          0   (incl. Padding)

    ----------------------------------------------------------------------

      Code (inc. data)   RO Data    RW Data    ZI Data      Debug   Library Member Name

        90          0          0          0          0          0   __dczerorl2.o
         8          0          0          0          0         68   __main.o
         0          0          0          0          0          0   __rtentry.o
        12          0          0          0          0          0   __rtentry2.o
         6          0          0          0          0          0   __rtentry4.o
        52          8          0          0          0          0   __scatter.o
        28          0          0          0          0          0   __scatter_zi.o
        18          0          0          0          0         80   exit.o
         6          0          0          0          0        152   heapauxi.o
         0          0          0          0          0          0   indicate_semi.o
         2          0          0          0          0          0   libinit.o
         6          0          0          0          0          0   libinit2.o
         2          0          0          0          0          0   libshutdown.o
         2          0          0          0          0          0   libshutdown2.o
         8          4          0          0         96         68   libspace.o
       238          0          0          0          0        100   lludivv7m.o
        78          0          0          0          0         80   rt_memclr_w.o
       100          0          0          0          0         80   rt_memcpy_w.o
         2          0          0          0          0          0   rtexit.o
        10          0          0          0          0          0   rtexit2.o
        12          4          0          0          0         68   sys_exit.o
        74          0          0          0          0         80   sys_stackheap_outer.o
         2          0          0          0          0         68   use_no_semi.o
        10          0          0          0          0        116   fpinit.o

    ----------------------------------------------------------------------
       772         16          0          0        100        960   Library Totals
         6          0          0          0          4          0   (incl. Padding)

    ----------------------------------------------------------------------

      Code (inc. data)   RO Data    RW Data    ZI Data      Debug   Library Name

       756         16          0          0         96        844   c_w.l
        10          0          0          0          0        116   fz_wm.l

    ----------------------------------------------------------------------
       772         16          0          0        100        960   Library Totals

    ----------------------------------------------------------------------

==============================================================================


      Code (inc. data)   RO Data    RW Data    ZI Data      Debug   

     19510        958        458        300      13212     909004   Grand Totals
     19510        958        458        200      13212     909004   ELF Image Totals (compressed)
     19510        958        458        200          0          0   ROM Totals

==============================================================================

    Total RO  Size (Code + RO Data)                19968 (  19.50kB)
    Total RW  Size (RW Data + ZI Data)             13512 (  13.20kB)
    Total ROM Size (Code + RO Data + RW Data)      20168 (  19.70kB)

==============================================================================

